Archive member included to satisfy reference by file (symbol)

/usr/share/segger_embedded_studio_for_arm_7.32a/lib/libc_v7em_fpv4_sp_d16_hard_t_le_eabi_balanced.a(fileops.o)
                              Output/Debug/Obj/uart_pca10100/main.o (puts)
/usr/share/segger_embedded_studio_for_arm_7.32a/lib/libc_v7em_fpv4_sp_d16_hard_t_le_eabi_balanced.a(__SEGGER_RTL_vfprintf_long.o)
                              (__SEGGER_RTL_vfprintf_long)
/usr/share/segger_embedded_studio_for_arm_7.32a/lib/libc_v7em_fpv4_sp_d16_hard_t_le_eabi_balanced.a(__SEGGER_RTL_vfscanf_long.o)
                              (__SEGGER_RTL_vfscanf_long)
/usr/share/segger_embedded_studio_for_arm_7.32a/lib/libc_v7em_fpv4_sp_d16_hard_t_le_eabi_balanced.a(errno.o)
                              /usr/share/segger_embedded_studio_for_arm_7.32a/lib/libc_v7em_fpv4_sp_d16_hard_t_le_eabi_balanced.a(fileops.o) (__aeabi_errno_addr)
/usr/share/segger_embedded_studio_for_arm_7.32a/lib/libc_v7em_fpv4_sp_d16_hard_t_le_eabi_balanced.a(mbops.o)
                              /usr/share/segger_embedded_studio_for_arm_7.32a/lib/libc_v7em_fpv4_sp_d16_hard_t_le_eabi_balanced.a(__SEGGER_RTL_vfscanf_long.o) (isdigit)
/usr/share/segger_embedded_studio_for_arm_7.32a/lib/libc_v7em_fpv4_sp_d16_hard_t_le_eabi_balanced.a(sortops.o)
                              /usr/share/segger_embedded_studio_for_arm_7.32a/lib/libc_v7em_fpv4_sp_d16_hard_t_le_eabi_balanced.a(mbops.o) (bsearch)
/usr/share/segger_embedded_studio_for_arm_7.32a/lib/libc_v7em_fpv4_sp_d16_hard_t_le_eabi_balanced.a(timeops.o)
                              /usr/share/segger_embedded_studio_for_arm_7.32a/lib/libc_v7em_fpv4_sp_d16_hard_t_le_eabi_balanced.a(mbops.o) (__SEGGER_RTL_string_list_encode)
/usr/share/segger_embedded_studio_for_arm_7.32a/lib/libc_v7em_fpv4_sp_d16_hard_t_le_eabi_balanced.a(utilops.o)
                              /usr/share/segger_embedded_studio_for_arm_7.32a/lib/libc_v7em_fpv4_sp_d16_hard_t_le_eabi_balanced.a(__SEGGER_RTL_vfscanf_long.o) (__SEGGER_RTL_digit)
/usr/share/segger_embedded_studio_for_arm_7.32a/lib/libc_v7em_fpv4_sp_d16_hard_t_le_eabi_balanced.a(floatasmops_arm.o)
                              /usr/share/segger_embedded_studio_for_arm_7.32a/lib/libc_v7em_fpv4_sp_d16_hard_t_le_eabi_balanced.a(utilops.o) (__aeabi_dmul)
/usr/share/segger_embedded_studio_for_arm_7.32a/lib/libc_v7em_fpv4_sp_d16_hard_t_le_eabi_balanced.a(intasmops_arm.o)
                              /usr/share/segger_embedded_studio_for_arm_7.32a/lib/libc_v7em_fpv4_sp_d16_hard_t_le_eabi_balanced.a(__SEGGER_RTL_vfprintf_long.o) (__aeabi_uldivmod)
/usr/share/segger_embedded_studio_for_arm_7.32a/lib/libc_v7em_fpv4_sp_d16_hard_t_le_eabi_balanced.a(prinops.o)
                              /usr/share/segger_embedded_studio_for_arm_7.32a/lib/libc_v7em_fpv4_sp_d16_hard_t_le_eabi_balanced.a(__SEGGER_RTL_vfprintf_long.o) (__SEGGER_RTL_putc)
/usr/share/segger_embedded_studio_for_arm_7.32a/lib/libc_v7em_fpv4_sp_d16_hard_t_le_eabi_balanced.a(intops.o)
                              /usr/share/segger_embedded_studio_for_arm_7.32a/lib/libc_v7em_fpv4_sp_d16_hard_t_le_eabi_balanced.a(timeops.o) (div)
/usr/share/segger_embedded_studio_for_arm_7.32a/lib/prinops_rtt_v7em_fpv4_sp_d16_hard_t_le_eabi_balanced.a(prinops_rtt.o)
                              /usr/share/segger_embedded_studio_for_arm_7.32a/lib/libc_v7em_fpv4_sp_d16_hard_t_le_eabi_balanced.a(fileops.o) (__SEGGER_RTL_X_file_stat)
/usr/share/segger_embedded_studio_for_arm_7.32a/lib/prinops_rtt_v7em_fpv4_sp_d16_hard_t_le_eabi_balanced.a(SEGGER_RTT.o)
                              /usr/share/segger_embedded_studio_for_arm_7.32a/lib/prinops_rtt_v7em_fpv4_sp_d16_hard_t_le_eabi_balanced.a(prinops_rtt.o) (SEGGER_RTT_Read)
/usr/share/segger_embedded_studio_for_arm_7.32a/lib/heapops_basic_v7em_fpv4_sp_d16_hard_t_le_eabi_balanced.a(heapops_basic.o)
                              Output/Debug/Obj/uart_pca10100/thumb_crt0.o (__SEGGER_RTL_init_heap)
/usr/share/segger_embedded_studio_for_arm_7.32a/lib/heapops_disable_interrupts_locking_v7em_fpv4_sp_d16_hard_t_le_eabi_balanced.a(heapops.o)
                              /usr/share/segger_embedded_studio_for_arm_7.32a/lib/libc_v7em_fpv4_sp_d16_hard_t_le_eabi_balanced.a(mbops.o) (malloc)
/usr/share/segger_embedded_studio_for_arm_7.32a/lib/strops_unaligned_v7em_fpv4_sp_d16_hard_t_le_eabi_balanced.a(strops.o)
                              /usr/share/segger_embedded_studio_for_arm_7.32a/lib/libc_v7em_fpv4_sp_d16_hard_t_le_eabi_balanced.a(timeops.o) (mempcpy)
/usr/share/segger_embedded_studio_for_arm_7.32a/lib/strops_unaligned_v7em_fpv4_sp_d16_hard_t_le_eabi_balanced.a(strasmops_arm.o)
                              /usr/share/segger_embedded_studio_for_arm_7.32a/lib/libc_v7em_fpv4_sp_d16_hard_t_le_eabi_balanced.a(timeops.o) (strcmp)
/usr/share/segger_embedded_studio_for_arm_7.32a/lib/libc_v7em_fpv4_sp_d16_hard_t_le_eabi_balanced.a(execops.o)
[...]
Memory Configuration

Name             Origin             Length             Attributes
UNPLACED_SECTIONS 0x0000000100000000 0x0000000000000000 xw
RAM1             0x0000000020000000 0x0000000000020000 xw
FLASH1           0x0000000000000000 0x0000000000080000 xw
*default*        0x0000000000000000 0xffffffffffffffff

Linker script and memory map

                0x0000000020000000                __RAM1_segment_start__ = 0x20000000
                0x0000000020020000                __RAM1_segment_end__ = 0x20020000
                0x0000000000020000                __RAM1_segment_size__ = 0x20000
                0x0000000000000000                __FLASH1_segment_start__ = 0x0
                0x0000000000080000                __FLASH1_segment_end__ = 0x80000
                0x0000000000080000                __FLASH1_segment_size__ = 0x80000
                0x0000000000002000                __HEAPSIZE__ = 0x2000
                0x0000000000000000                __SEGGER_RTL_vfprintf = __SEGGER_RTL_vfprintf_long
                0x0000000000000000                __SEGGER_RTL_vfscanf = __SEGGER_RTL_vfscanf_long
                0x0000000000000000                __STACKSIZE_PROCESS__ = 0x0
                0x0000000000002000                __STACKSIZE__ = 0x2000
                0x0000000020000000                __vectors_ram_load_start__ = 0x20000000

.vectors_ram    0x0000000020000000        0x0
                0x0000000020000000                __vectors_ram_start__ = .
                0x0000000020000000                __app_ram_start__ = __vectors_ram_start__
 *(.vectors_ram .vectors_ram.*)
                0x0000000020000000                __vectors_ram_end__ = (__vectors_ram_start__ + SIZEOF (.vectors_ram))
                0x0000000000000000                __vectors_ram_size__ = SIZEOF (.vectors_ram)
                0x0000000020000000                __vectors_ram_load_end__ = __vectors_ram_end__
                0x0000000000000001                . = ASSERT (((__vectors_ram_start__ == __vectors_ram_end__) || ((__vectors_ram_end__ - __RAM1_segment_start__) <= __RAM1_segment_size__)), error: .vectors_ram is too large to fit in RAM1 memory segment)
                0x0000000020000000                __nrf_sections_run_load_start__ = ALIGN (__vectors_ram_end__, 0x4)

.nrf_sections_run
                0x0000000020000000        0x0
                0x0000000020000000                __nrf_sections_run_start__ = .
                0x0000000020000000                __start_nrf_sections_run = __nrf_sections_run_start__
 *(.nrf_sections_run .nrf_sections_run.*)
                0x0000000020000000                __nrf_sections_run_end__ = (__nrf_sections_run_start__ + SIZEOF (.nrf_sections_run))
                0x0000000000000000                __nrf_sections_run_size__ = SIZEOF (.nrf_sections_run)
                0x0000000020000000                __nrf_sections_run_load_end__ = __nrf_sections_run_end__
                0x0000000000000001                . = ASSERT (((__nrf_sections_run_start__ == __nrf_sections_run_end__) || ((__nrf_sections_run_end__ - __RAM1_segment_start__) <= __RAM1_segment_size__)), error: .nrf_sections_run is too large to fit in RAM1 memory segment)
                0x0000000000000000                __vectors_load_start__ = 0x0

.vectors        0x0000000000000000      0x200
                0x0000000000000000                __vectors_start__ = .
 *(.vectors .vectors.*)
 .vectors       0x0000000000000000      0x200 Output/Debug/Obj/uart_pca10100/ses_startup_nrf52833.o
                0x0000000000000000                _vectors
                0x0000000000000200                __vectors_end__ = (__vectors_start__ + SIZEOF (.vectors))
                0x0000000000000200                __vectors_size__ = SIZEOF (.vectors)
                0x0000000000000200                __vectors_load_end__ = __vectors_end__
                0x0000000000000001                . = ASSERT (((__vectors_start__ == __vectors_end__) || ((__vectors_end__ - __FLASH1_segment_start__) <= __FLASH1_segment_size__)), error: .vectors is too large to fit in FLASH1 memory segment)
                0x0000000000000200                __init_load_start__ = ALIGN (__vectors_end__, 0x4)

.init           0x0000000000000200      0x1e4
                0x0000000000000200                __init_start__ = .
 *(.init .init.*)
 .init          0x0000000000000200      0x170 Output/Debug/Obj/uart_pca10100/thumb_crt0.o
                0x0000000000000200                _start
                0x00000000000002ae                _Exit
                0x00000000000002ae                exit
 .init          0x0000000000000370       0x18 Output/Debug/Obj/uart_pca10100/ses_startup_nrf52833.o
                0x0000000000000370                NMI_Handler
                0x0000000000000372                HardFault_Handler
                0x0000000000000374                MemoryManagement_Handler
                0x0000000000000376                BusFault_Handler
                0x0000000000000378                UsageFault_Handler
                0x000000000000037a                SVC_Handler
                0x000000000000037c                DebugMon_Handler
                0x000000000000037e                PendSV_Handler
                0x0000000000000380                SysTick_Handler
                0x0000000000000382                TIMER2_IRQHandler
                0x0000000000000382                RTC0_IRQHandler
                0x0000000000000382                SWI0_EGU0_IRQHandler
                0x0000000000000382                SWI2_EGU2_IRQHandler
                0x0000000000000382                GPIOTE_IRQHandler
                0x0000000000000382                PWM1_IRQHandler
                0x0000000000000382                POWER_CLOCK_IRQHandler
                0x0000000000000382                RADIO_IRQHandler
                0x0000000000000382                PDM_IRQHandler
                0x0000000000000382                TEMP_IRQHandler
                0x0000000000000382                QDEC_IRQHandler
                0x0000000000000382                TIMER3_IRQHandler
                0x0000000000000382                PWM3_IRQHandler
                0x0000000000000382                FPU_IRQHandler
                0x0000000000000382                USBD_IRQHandler
                0x0000000000000382                SPIM0_SPIS0_TWIM0_TWIS0_SPI0_TWI0_IRQHandler
                0x0000000000000382                TIMER4_IRQHandler
                0x0000000000000382                I2S_IRQHandler
                0x0000000000000382                SWI4_EGU4_IRQHandler
                0x0000000000000382                TIMER0_IRQHandler
                0x0000000000000382                UARTE1_IRQHandler
                0x0000000000000382                Dummy_Handler
                0x0000000000000382                TIMER1_IRQHandler
                0x0000000000000382                SPIM3_IRQHandler
                0x0000000000000382                PWM2_IRQHandler
                0x0000000000000382                ECB_IRQHandler
                0x0000000000000382                SPIM1_SPIS1_TWIM1_TWIS1_SPI1_TWI1_IRQHandler
                0x0000000000000382                SAADC_IRQHandler
                0x0000000000000382                CCM_AAR_IRQHandler
                0x0000000000000382                WDT_IRQHandler
                0x0000000000000382                SWI5_EGU5_IRQHandler
                0x0000000000000382                RNG_IRQHandler
                0x0000000000000382                RTC2_IRQHandler
                0x0000000000000382                PWM0_IRQHandler
                0x0000000000000382                SWI3_EGU3_IRQHandler
                0x0000000000000382                RTC1_IRQHandler
                0x0000000000000382                SWI1_EGU1_IRQHandler
                0x0000000000000382                SPIM2_SPIS2_SPI2_IRQHandler
                0x0000000000000382                NFCT_IRQHandler
                0x0000000000000382                MWU_IRQHandler
                0x0000000000000382                COMP_LPCOMP_IRQHandler
                0x0000000000000384                nRFInitialize
 .init          0x0000000000000388       0x5c Output/Debug/Obj/uart_pca10100/ses_startup_nrf_common.o
                0x0000000000000388                Reset_Handler
                0x000000000000038c                afterInitialize
                0x00000000000003b0                InitializeUserMemorySections
                0x00000000000003e4                __init_end__ = (__init_start__ + SIZEOF (.init))
                0x00000000000001e4                __init_size__ = SIZEOF (.init)
                0x00000000000003e4                __init_load_end__ = __init_end__
                0x0000000000000001                . = ASSERT (((__init_start__ == __init_end__) || ((__init_end__ - __FLASH1_segment_start__) <= __FLASH1_segment_size__)), error: .init is too large to fit in FLASH1 memory segment)
                0x00000000000003e4                __init_rodata_load_start__ = ALIGN (__init_end__, 0x4)

.init_rodata    0x00000000000003e4        0x0
                0x00000000000003e4                __init_rodata_start__ = .
 *(.init_rodata .init_rodata.*)
                0x00000000000003e4                __init_rodata_end__ = (__init_rodata_start__ + SIZEOF (.init_rodata))
                0x0000000000000000                __init_rodata_size__ = SIZEOF (.init_rodata)
                0x00000000000003e4                __init_rodata_load_end__ = __init_rodata_end__
                0x0000000000000001                . = ASSERT (((__init_rodata_start__ == __init_rodata_end__) || ((__init_rodata_end__ - __FLASH1_segment_start__) <= __FLASH1_segment_size__)), error: .init_rodata is too large to fit in FLASH1 memory segment)
                0x00000000000003e4                __text_load_start__ = ALIGN (__init_rodata_end__, 0x4)

.text           0x00000000000003e4     0x2d5c
                0x00000000000003e4                __text_start__ = .
 *(.text .text.* .gnu.linkonce.t.* .glue_7t .glue_7 .gcc_except_table .ARM.extab* .gnu.linkonce.armextab.*)
 .glue_7        0x00000000000003e4        0x0 linker stubs
 .glue_7t       0x00000000000003e4        0x0 linker stubs
 .text.nrf_gpio_pin_port_decode
                0x00000000000003e4       0x4c Output/Debug/Obj/uart_pca10100/boards.o
 .text.nrf_gpio_cfg
                0x0000000000000430       0x62 Output/Debug/Obj/uart_pca10100/boards.o
 .text.nrf_gpio_cfg_output
                0x0000000000000492       0x22 Output/Debug/Obj/uart_pca10100/boards.o
 .text.nrf_gpio_cfg_input
                0x00000000000004b4       0x2a Output/Debug/Obj/uart_pca10100/boards.o
 .text.nrf_gpio_pin_set
                0x00000000000004de       0x28 Output/Debug/Obj/uart_pca10100/boards.o
 .text.nrf_gpio_pin_clear
                0x0000000000000506       0x28 Output/Debug/Obj/uart_pca10100/boards.o
 .text.nrf_gpio_pin_write
                0x000000000000052e       0x24 Output/Debug/Obj/uart_pca10100/boards.o
 .text.nrf_gpio_port_out_set
                0x0000000000000552       0x14 Output/Debug/Obj/uart_pca10100/boards.o
 .text.nrf_gpio_port_out_clear
                0x0000000000000566       0x14 Output/Debug/Obj/uart_pca10100/boards.o
 .text.nrf_gpio_pin_present_check
                0x000000000000057a       0x50 Output/Debug/Obj/uart_pca10100/boards.o
 *fill*         0x00000000000005ca        0x2 
 .text.bsp_board_led_off
                0x00000000000005cc       0x34 Output/Debug/Obj/uart_pca10100/boards.o
                0x00000000000005cc                bsp_board_led_off
 .text.bsp_board_leds_off
                0x0000000000000600       0x26 Output/Debug/Obj/uart_pca10100/boards.o
                0x0000000000000600                bsp_board_leds_off
 *fill*         0x0000000000000626        0x2 
 .text.bsp_board_leds_init
                0x0000000000000628       0x34 Output/Debug/Obj/uart_pca10100/boards.o
 .text.bsp_board_buttons_init
                0x000000000000065c       0x34 Output/Debug/Obj/uart_pca10100/boards.o
 .text.bsp_board_init
                0x0000000000000690       0x2a Output/Debug/Obj/uart_pca10100/boards.o
                0x0000000000000690                bsp_board_init
 *fill*         0x00000000000006ba        0x2 
 .text.app_error_save_and_stop
                0x00000000000006bc       0x98 Output/Debug/Obj/uart_pca10100/app_error.o
                0x00000000000006bc                app_error_save_and_stop
 .text.app_error_handler
                0x0000000000000754       0x1c Output/Debug/Obj/uart_pca10100/app_error_handler_gcc.o
                0x0000000000000754                app_error_handler
 .text.app_error_fault_handler
                0x0000000000000770       0x54 Output/Debug/Obj/uart_pca10100/app_error_weak.o
                0x0000000000000770                app_error_fault_handler
 .text.fifo_length
                0x00000000000007c4       0x18 Output/Debug/Obj/uart_pca10100/app_fifo.o
 .text.fifo_put
                0x00000000000007dc       0x30 Output/Debug/Obj/uart_pca10100/app_fifo.o
 .text.fifo_peek
                0x000000000000080c       0x2e Output/Debug/Obj/uart_pca10100/app_fifo.o
 .text.fifo_get
                0x000000000000083a       0x24 Output/Debug/Obj/uart_pca10100/app_fifo.o
 .text.app_fifo_init
                0x000000000000085e       0x58 Output/Debug/Obj/uart_pca10100/app_fifo.o
                0x000000000000085e                app_fifo_init
 .text.app_fifo_put
                0x00000000000008b6       0x36 Output/Debug/Obj/uart_pca10100/app_fifo.o
                0x00000000000008b6                app_fifo_put
 .text.app_fifo_get
                0x00000000000008ec       0x2a Output/Debug/Obj/uart_pca10100/app_fifo.o
                0x00000000000008ec                app_fifo_get
 *fill*         0x0000000000000916        0x2 
 .text.nrf_drv_uart_tx
                0x0000000000000918       0x64 Output/Debug/Obj/uart_pca10100/app_uart_fifo.o
 .text.nrf_drv_uart_tx_in_progress
                0x000000000000097c       0x5c Output/Debug/Obj/uart_pca10100/app_uart_fifo.o
 .text.nrf_drv_uart_rx
                0x00000000000009d8       0x64 Output/Debug/Obj/uart_pca10100/app_uart_fifo.o
 .text.fifo_length
                0x0000000000000a3c       0x18 Output/Debug/Obj/uart_pca10100/app_uart_fifo.o
 .text.uart_event_handler
                0x0000000000000a54      0x110 Output/Debug/Obj/uart_pca10100/app_uart_fifo.o
 .text.app_uart_init
                0x0000000000000b64      0x120 Output/Debug/Obj/uart_pca10100/app_uart_fifo.o
                0x0000000000000b64                app_uart_init
 .text.app_uart_get
                0x0000000000000c84       0x74 Output/Debug/Obj/uart_pca10100/app_uart_fifo.o
                0x0000000000000c84                app_uart_get
 .text.app_uart_put
                0x0000000000000cf8       0x60 Output/Debug/Obj/uart_pca10100/app_uart_fifo.o
                0x0000000000000cf8                app_uart_put
 .text.app_util_disable_irq
                0x0000000000000d58       0x18 Output/Debug/Obj/uart_pca10100/app_util_platform.o
                0x0000000000000d58                app_util_disable_irq
 .text.app_util_enable_irq
                0x0000000000000d70       0x20 Output/Debug/Obj/uart_pca10100/app_util_platform.o
                0x0000000000000d70                app_util_enable_irq
 .text.app_util_critical_region_enter
                0x0000000000000d90       0x28 Output/Debug/Obj/uart_pca10100/app_util_platform.o
                0x0000000000000d90                app_util_critical_region_enter
 .text.app_util_critical_region_exit
                0x0000000000000db8       0x2c Output/Debug/Obj/uart_pca10100/app_util_platform.o
                0x0000000000000db8                app_util_critical_region_exit
 .text.privilege_level_get
                0x0000000000000de4       0x3a Output/Debug/Obj/uart_pca10100/app_util_platform.o
                0x0000000000000de4                privilege_level_get
 .text.assert_nrf_callback
                0x0000000000000e1e       0x2c Output/Debug/Obj/uart_pca10100/nrf_assert.o
                0x0000000000000e1e                assert_nrf_callback
 *fill*         0x0000000000000e4a        0x2 
 .text.uarte_evt_handler
                0x0000000000000e4c       0x50 Output/Debug/Obj/uart_pca10100/nrf_drv_uart.o
 .text.uart_evt_handler
                0x0000000000000e9c       0x50 Output/Debug/Obj/uart_pca10100/nrf_drv_uart.o
 .text.nrf_drv_uart_init
                0x0000000000000eec       0xc0 Output/Debug/Obj/uart_pca10100/nrf_drv_uart.o
                0x0000000000000eec                nrf_drv_uart_init
 .text.UARTE0_UART0_IRQHandler
                0x0000000000000fac       0x24 Output/Debug/Obj/uart_pca10100/nrfx_prs.o
                0x0000000000000fac                UARTE0_UART0_IRQHandler
 .text.prs_box_get
                0x0000000000000fd0       0x20 Output/Debug/Obj/uart_pca10100/nrfx_prs.o
 .text.nrfx_prs_acquire
                0x0000000000000ff0       0x74 Output/Debug/Obj/uart_pca10100/nrfx_prs.o
                0x0000000000000ff0                nrfx_prs_acquire
 .text.__NVIC_EnableIRQ
                0x0000000000001064       0x34 Output/Debug/Obj/uart_pca10100/nrfx_uart.o
 .text.__NVIC_SetPriority
                0x0000000000001098       0x50 Output/Debug/Obj/uart_pca10100/nrfx_uart.o
 .text.nrfx_get_irq_number
                0x00000000000010e8       0x10 Output/Debug/Obj/uart_pca10100/nrfx_uart.o
 .text._NRFX_IRQ_PRIORITY_SET
                0x00000000000010f8       0x40 Output/Debug/Obj/uart_pca10100/nrfx_uart.o
 .text._NRFX_IRQ_ENABLE
                0x0000000000001138       0x1c Output/Debug/Obj/uart_pca10100/nrfx_uart.o
 .text.nrf_uart_event_clear
                0x0000000000001154       0x2a Output/Debug/Obj/uart_pca10100/nrfx_uart.o
 .text.nrf_uart_event_check
                0x000000000000117e       0x24 Output/Debug/Obj/uart_pca10100/nrfx_uart.o
 .text.nrf_uart_int_enable
                0x00000000000011a2       0x14 Output/Debug/Obj/uart_pca10100/nrfx_uart.o
 .text.nrf_uart_int_enable_check
                0x00000000000011b6       0x20 Output/Debug/Obj/uart_pca10100/nrfx_uart.o
 .text.nrf_uart_int_disable
                0x00000000000011d6       0x14 Output/Debug/Obj/uart_pca10100/nrfx_uart.o
 .text.nrf_uart_errorsrc_get_and_clear
                0x00000000000011ea       0x1c Output/Debug/Obj/uart_pca10100/nrfx_uart.o
 .text.nrf_uart_enable
                0x0000000000001206       0x12 Output/Debug/Obj/uart_pca10100/nrfx_uart.o
 .text.nrf_uart_txrx_pins_set
                0x0000000000001218       0x1e Output/Debug/Obj/uart_pca10100/nrfx_uart.o
 .text.nrf_uart_hwfc_pins_set
                0x0000000000001236       0x1e Output/Debug/Obj/uart_pca10100/nrfx_uart.o
 .text.nrf_uart_rxd_get
                0x0000000000001254       0x12 Output/Debug/Obj/uart_pca10100/nrfx_uart.o
 .text.nrf_uart_txd_set
                0x0000000000001266       0x1a Output/Debug/Obj/uart_pca10100/nrfx_uart.o
 .text.nrf_uart_task_trigger
                0x0000000000001280       0x1c Output/Debug/Obj/uart_pca10100/nrfx_uart.o
 .text.nrf_uart_configure
                0x000000000000129c       0x2a Output/Debug/Obj/uart_pca10100/nrfx_uart.o
 .text.nrf_uart_baudrate_set
                0x00000000000012c6       0x14 Output/Debug/Obj/uart_pca10100/nrfx_uart.o
 *fill*         0x00000000000012da        0x2 
 .text.nrf_gpio_pin_port_decode
                0x00000000000012dc       0x4c Output/Debug/Obj/uart_pca10100/nrfx_uart.o
 .text.nrf_gpio_cfg
                0x0000000000001328       0x62 Output/Debug/Obj/uart_pca10100/nrfx_uart.o
 .text.nrf_gpio_cfg_output
                0x000000000000138a       0x22 Output/Debug/Obj/uart_pca10100/nrfx_uart.o
 .text.nrf_gpio_cfg_input
                0x00000000000013ac       0x2a Output/Debug/Obj/uart_pca10100/nrfx_uart.o
 .text.nrf_gpio_pin_set
                0x00000000000013d6       0x28 Output/Debug/Obj/uart_pca10100/nrfx_uart.o
 .text.nrf_gpio_port_out_set
                0x00000000000013fe       0x14 Output/Debug/Obj/uart_pca10100/nrfx_uart.o
 .text.nrf_gpio_pin_present_check
                0x0000000000001412       0x50 Output/Debug/Obj/uart_pca10100/nrfx_uart.o
 .text.apply_config
                0x0000000000001462       0xc6 Output/Debug/Obj/uart_pca10100/nrfx_uart.o
 .text.interrupts_enable
                0x0000000000001528       0x6c Output/Debug/Obj/uart_pca10100/nrfx_uart.o
 .text.nrfx_uart_init
                0x0000000000001594       0xd4 Output/Debug/Obj/uart_pca10100/nrfx_uart.o
                0x0000000000001594                nrfx_uart_init
 .text.tx_byte  0x0000000000001668       0x40 Output/Debug/Obj/uart_pca10100/nrfx_uart.o
 .text.tx_blocking
                0x00000000000016a8       0x52 Output/Debug/Obj/uart_pca10100/nrfx_uart.o
 *fill*         0x00000000000016fa        0x2 
 .text.nrfx_uart_tx
                0x00000000000016fc      0x110 Output/Debug/Obj/uart_pca10100/nrfx_uart.o
                0x00000000000016fc                nrfx_uart_tx
 .text.nrfx_uart_tx_in_progress
                0x000000000000180c       0x2c Output/Debug/Obj/uart_pca10100/nrfx_uart.o
                0x000000000000180c                nrfx_uart_tx_in_progress
 .text.rx_enable
                0x0000000000001838       0x36 Output/Debug/Obj/uart_pca10100/nrfx_uart.o
 .text.rx_byte  0x000000000000186e       0x4e Output/Debug/Obj/uart_pca10100/nrfx_uart.o
 .text.nrfx_uart_rx
                0x00000000000018bc      0x21c Output/Debug/Obj/uart_pca10100/nrfx_uart.o
                0x00000000000018bc                nrfx_uart_rx
 .text.rx_done_event
                0x0000000000001ad8       0x2e Output/Debug/Obj/uart_pca10100/nrfx_uart.o
 .text.tx_done_event
                0x0000000000001b06       0x34 Output/Debug/Obj/uart_pca10100/nrfx_uart.o
 .text.uart_irq_handler
                0x0000000000001b3a      0x1de Output/Debug/Obj/uart_pca10100/nrfx_uart.o
 .text.nrfx_uart_0_irq_handler
                0x0000000000001d18       0x18 Output/Debug/Obj/uart_pca10100/nrfx_uart.o
                0x0000000000001d18                nrfx_uart_0_irq_handler
 .text.__NVIC_EnableIRQ
                0x0000000000001d30       0x34 Output/Debug/Obj/uart_pca10100/nrfx_uarte.o
 .text.__NVIC_SetPriority
                0x0000000000001d64       0x50 Output/Debug/Obj/uart_pca10100/nrfx_uarte.o
 .text.nrfx_is_in_ram
                0x0000000000001db4       0x1c Output/Debug/Obj/uart_pca10100/nrfx_uarte.o
 .text.nrfx_get_irq_number
                0x0000000000001dd0       0x10 Output/Debug/Obj/uart_pca10100/nrfx_uarte.o
 .text._NRFX_IRQ_PRIORITY_SET
                0x0000000000001de0       0x40 Output/Debug/Obj/uart_pca10100/nrfx_uarte.o
 .text._NRFX_IRQ_ENABLE
                0x0000000000001e20       0x1c Output/Debug/Obj/uart_pca10100/nrfx_uarte.o
 .text.nrf_uarte_event_clear
                0x0000000000001e3c       0x2a Output/Debug/Obj/uart_pca10100/nrfx_uarte.o
 .text.nrf_uarte_event_check
                0x0000000000001e66       0x24 Output/Debug/Obj/uart_pca10100/nrfx_uarte.o
 .text.nrf_uarte_shorts_enable
                0x0000000000001e8a       0x1c Output/Debug/Obj/uart_pca10100/nrfx_uarte.o
 .text.nrf_uarte_shorts_disable
                0x0000000000001ea6       0x1e Output/Debug/Obj/uart_pca10100/nrfx_uarte.o
 .text.nrf_uarte_int_enable
                0x0000000000001ec4       0x14 Output/Debug/Obj/uart_pca10100/nrfx_uarte.o
 .text.nrf_uarte_int_disable
                0x0000000000001ed8       0x14 Output/Debug/Obj/uart_pca10100/nrfx_uarte.o
 .text.nrf_uarte_errorsrc_get_and_clear
                0x0000000000001eec       0x1c Output/Debug/Obj/uart_pca10100/nrfx_uarte.o
 .text.nrf_uarte_enable
                0x0000000000001f08       0x12 Output/Debug/Obj/uart_pca10100/nrfx_uarte.o
 .text.nrf_uarte_txrx_pins_set
                0x0000000000001f1a       0x1e Output/Debug/Obj/uart_pca10100/nrfx_uarte.o
 .text.nrf_uarte_hwfc_pins_set
                0x0000000000001f38       0x1e Output/Debug/Obj/uart_pca10100/nrfx_uarte.o
 .text.nrf_uarte_task_trigger
                0x0000000000001f56       0x1c Output/Debug/Obj/uart_pca10100/nrfx_uarte.o
 .text.nrf_uarte_configure
                0x0000000000001f72       0x2a Output/Debug/Obj/uart_pca10100/nrfx_uarte.o
 .text.nrf_uarte_baudrate_set
                0x0000000000001f9c       0x14 Output/Debug/Obj/uart_pca10100/nrfx_uarte.o
 .text.nrf_uarte_tx_buffer_set
                0x0000000000001fb0       0x1e Output/Debug/Obj/uart_pca10100/nrfx_uarte.o
 .text.nrf_uarte_tx_amount_get
                0x0000000000001fce       0x10 Output/Debug/Obj/uart_pca10100/nrfx_uarte.o
 .text.nrf_uarte_rx_buffer_set
                0x0000000000001fde       0x1e Output/Debug/Obj/uart_pca10100/nrfx_uarte.o
 .text.nrf_uarte_rx_amount_get
                0x0000000000001ffc       0x10 Output/Debug/Obj/uart_pca10100/nrfx_uarte.o
 .text.nrf_gpio_pin_port_decode
                0x000000000000200c       0x4c Output/Debug/Obj/uart_pca10100/nrfx_uarte.o
 .text.nrf_gpio_cfg
                0x0000000000002058       0x62 Output/Debug/Obj/uart_pca10100/nrfx_uarte.o
 .text.nrf_gpio_cfg_output
                0x00000000000020ba       0x22 Output/Debug/Obj/uart_pca10100/nrfx_uarte.o
 .text.nrf_gpio_cfg_input
                0x00000000000020dc       0x2a Output/Debug/Obj/uart_pca10100/nrfx_uarte.o
 .text.nrf_gpio_pin_set
                0x0000000000002106       0x28 Output/Debug/Obj/uart_pca10100/nrfx_uarte.o
 .text.nrf_gpio_port_out_set
                0x000000000000212e       0x14 Output/Debug/Obj/uart_pca10100/nrfx_uarte.o
 .text.nrf_gpio_pin_present_check
                0x0000000000002142       0x50 Output/Debug/Obj/uart_pca10100/nrfx_uarte.o
 .text.apply_config
                0x0000000000002192       0xc6 Output/Debug/Obj/uart_pca10100/nrfx_uarte.o
 .text.interrupts_enable
                0x0000000000002258       0x98 Output/Debug/Obj/uart_pca10100/nrfx_uarte.o
 .text.nrfx_uarte_init
                0x00000000000022f0       0xcc Output/Debug/Obj/uart_pca10100/nrfx_uarte.o
                0x00000000000022f0                nrfx_uarte_init
 .text.nrfx_uarte_tx
                0x00000000000023bc      0x180 Output/Debug/Obj/uart_pca10100/nrfx_uarte.o
                0x00000000000023bc                nrfx_uarte_tx
 .text.nrfx_uarte_tx_in_progress
                0x000000000000253c       0x30 Output/Debug/Obj/uart_pca10100/nrfx_uarte.o
                0x000000000000253c                nrfx_uarte_tx_in_progress
 .text.nrfx_uarte_rx
                0x000000000000256c      0x23c Output/Debug/Obj/uart_pca10100/nrfx_uarte.o
                0x000000000000256c                nrfx_uarte_rx
 .text.rx_done_event
                0x00000000000027a8       0x2e Output/Debug/Obj/uart_pca10100/nrfx_uarte.o
 .text.tx_done_event
                0x00000000000027d6       0x34 Output/Debug/Obj/uart_pca10100/nrfx_uarte.o
 .text.uarte_irq_handler
                0x000000000000280a      0x18c Output/Debug/Obj/uart_pca10100/nrfx_uarte.o
 *fill*         0x0000000000002996        0x2 
 .text.nrfx_uarte_0_irq_handler
                0x0000000000002998       0x18 Output/Debug/Obj/uart_pca10100/nrfx_uarte.o
                0x0000000000002998                nrfx_uarte_0_irq_handler
 .text.uart_error_handle
                0x00000000000029b0       0x40 Output/Debug/Obj/uart_pca10100/main.o
                0x00000000000029b0                uart_error_handle
 .text.main     0x00000000000029f0       0xb0 Output/Debug/Obj/uart_pca10100/main.o
                0x00000000000029f0                main
 .text.__NVIC_SystemReset
                0x0000000000002aa0       0x28 Output/Debug/Obj/uart_pca10100/system_nrf52833.o
 .text.nrf52_errata_36
                0x0000000000002ac8       0x50 Output/Debug/Obj/uart_pca10100/system_nrf52833.o
 .text.nrf52_errata_66
                0x0000000000002b18       0x50 Output/Debug/Obj/uart_pca10100/system_nrf52833.o
 .text.nrf52_errata_136
                0x0000000000002b68       0x50 Output/Debug/Obj/uart_pca10100/system_nrf52833.o
 .text.nrf52_errata_249
                0x0000000000002bb8       0x50 Output/Debug/Obj/uart_pca10100/system_nrf52833.o
 .text.nrf52_handle_approtect
                0x0000000000002c08       0x20 Output/Debug/Obj/uart_pca10100/system_nrf52833.o
 .text.nvmc_wait
                0x0000000000002c28       0x18 Output/Debug/Obj/uart_pca10100/system_nrf52833.o
                0x0000000000002c28                nvmc_wait
 .text.nvmc_config
                0x0000000000002c40       0x20 Output/Debug/Obj/uart_pca10100/system_nrf52833.o
                0x0000000000002c40                nvmc_config
 .text.SystemCoreClockUpdate
                0x0000000000002c60       0x14 Output/Debug/Obj/uart_pca10100/system_nrf52833.o
                0x0000000000002c60                SystemCoreClockUpdate
 .text.SystemInit
                0x0000000000002c74      0x1bc Output/Debug/Obj/uart_pca10100/system_nrf52833.o
                0x0000000000002c74                SystemInit
 .text.libc.putchar
                0x0000000000002e30        0xe /usr/share/segger_embedded_studio_for_arm_7.32a/lib/libc_v7em_fpv4_sp_d16_hard_t_le_eabi_balanced.a(fileops.o)
                0x0000000000002e30                putchar
 .text.libc.fputc
                0x0000000000002e3e       0x22 /usr/share/segger_embedded_studio_for_arm_7.32a/lib/libc_v7em_fpv4_sp_d16_hard_t_le_eabi_balanced.a(fileops.o)
                0x0000000000002e3e                fputc
 .text.libc.puts
                0x0000000000002e60       0x30 /usr/share/segger_embedded_studio_for_arm_7.32a/lib/libc_v7em_fpv4_sp_d16_hard_t_le_eabi_balanced.a(fileops.o)
                0x0000000000002e60                puts
 .text.libc.fwrite
                0x0000000000002e90       0x2e /usr/share/segger_embedded_studio_for_arm_7.32a/lib/libc_v7em_fpv4_sp_d16_hard_t_le_eabi_balanced.a(fileops.o)
                0x0000000000002e90                fwrite
 .text.libc.__SEGGER_RTL_X_file_stat
                0x0000000000002ebe       0x38 /usr/share/segger_embedded_studio_for_arm_7.32a/lib/prinops_rtt_v7em_fpv4_sp_d16_hard_t_le_eabi_balanced.a(prinops_rtt.o)
                0x0000000000002ebe                __SEGGER_RTL_X_file_stat
 .text.libc.__SEGGER_RTL_X_file_write
                0x0000000000002ef6        0x6 /usr/share/segger_embedded_studio_for_arm_7.32a/lib/prinops_rtt_v7em_fpv4_sp_d16_hard_t_le_eabi_balanced.a(prinops_rtt.o)
                0x0000000000002ef6                __SEGGER_RTL_X_file_write
 .text.libc._DoInit
                0x0000000000002efc       0x64 /usr/share/segger_embedded_studio_for_arm_7.32a/lib/prinops_rtt_v7em_fpv4_sp_d16_hard_t_le_eabi_balanced.a(SEGGER_RTT.o)
 .text.libc._GetAvailWriteSpace
                0x0000000000002f60       0x14 /usr/share/segger_embedded_studio_for_arm_7.32a/lib/prinops_rtt_v7em_fpv4_sp_d16_hard_t_le_eabi_balanced.a(SEGGER_RTT.o)
 .text.libc._WriteNoCheck
                0x0000000000002f74       0x44 /usr/share/segger_embedded_studio_for_arm_7.32a/lib/prinops_rtt_v7em_fpv4_sp_d16_hard_t_le_eabi_balanced.a(SEGGER_RTT.o)
 .text.libc._WriteBlocking
                0x0000000000002fb8       0x58 /usr/share/segger_embedded_studio_for_arm_7.32a/lib/prinops_rtt_v7em_fpv4_sp_d16_hard_t_le_eabi_balanced.a(SEGGER_RTT.o)
 .text.libc.SEGGER_RTT_WriteNoLock
                0x0000000000003010       0x5a /usr/share/segger_embedded_studio_for_arm_7.32a/lib/prinops_rtt_v7em_fpv4_sp_d16_hard_t_le_eabi_balanced.a(SEGGER_RTT.o)
                0x0000000000003010                SEGGER_RTT_WriteNoLock
 .text.libc.SEGGER_RTT_Write
                0x000000000000306a       0x36 /usr/share/segger_embedded_studio_for_arm_7.32a/lib/prinops_rtt_v7em_fpv4_sp_d16_hard_t_le_eabi_balanced.a(SEGGER_RTT.o)
                0x000000000000306a                SEGGER_RTT_Write
 .text.libc.__SEGGER_RTL_init_heap
                0x00000000000030a0       0x18 /usr/share/segger_embedded_studio_for_arm_7.32a/lib/heapops_basic_v7em_fpv4_sp_d16_hard_t_le_eabi_balanced.a(heapops_basic.o)
                0x00000000000030a0                __SEGGER_RTL_init_heap
 .text.libc.strlen
                0x00000000000030b8       0x2c /usr/share/segger_embedded_studio_for_arm_7.32a/lib/strops_unaligned_v7em_fpv4_sp_d16_hard_t_le_eabi_balanced.a(strops.o)
                0x00000000000030b8                strlen
 .text.libc.memcpy
                0x00000000000030e4       0x5c /usr/share/segger_embedded_studio_for_arm_7.32a/lib/strops_unaligned_v7em_fpv4_sp_d16_hard_t_le_eabi_balanced.a(strasmops_arm.o)
                0x00000000000030e4                memcpy
                0x00000000000030e4                __aeabi_memcpy
                0x0000000000003102                __aeabi_memcpy4
                0x0000000000003102                __aeabi_memcpy8
                0x0000000000003140                __text_end__ = (__text_start__ + SIZEOF (.text))
                0x0000000000002d5c                __text_size__ = SIZEOF (.text)
                0x0000000000003140                __text_load_end__ = __text_end__

.vfp11_veneer   0x0000000100000000        0x0
 .vfp11_veneer  0x0000000100000000        0x0 linker stubs

.v4_bx          0x0000000100000000        0x0
 .v4_bx         0x0000000100000000        0x0 linker stubs

.iplt           0x0000000100000000        0x0
 .iplt          0x0000000100000000        0x0 Output/Debug/Obj/uart_pca10100/thumb_crt0.o
                0x0000000000000001                . = ASSERT (((__text_start__ == __text_end__) || ((__text_end__ - __FLASH1_segment_start__) <= __FLASH1_segment_size__)), error: .text is too large to fit in FLASH1 memory segment)
                0x0000000000003140                __log_const_data_load_start__ = ALIGN (__text_end__, 0x4)

.log_const_data
                0x0000000000003140        0x0
                0x0000000000003140                __log_const_data_start__ = .
                0x0000000000003140                __start_log_const_data = __log_const_data_start__
 *(SORT_BY_NAME(.log_const_data*))
                0x0000000000003140                __log_const_data_end__ = (__log_const_data_start__ + SIZEOF (.log_const_data))
                0x0000000000000000                __log_const_data_size__ = SIZEOF (.log_const_data)
                0x0000000000003140                __stop_log_const_data = __log_const_data_end__
                0x0000000000003140                __log_const_data_load_end__ = __log_const_data_end__
                0x0000000000000001                . = ASSERT (((__log_const_data_start__ == __log_const_data_end__) || ((__log_const_data_end__ - __FLASH1_segment_start__) <= __FLASH1_segment_size__)), error: .log_const_data is too large to fit in FLASH1 memory segment)
                0x0000000000003140                __log_backends_load_start__ = ALIGN (__log_const_data_end__, 0x4)

.log_backends   0x0000000000003140        0x0
                0x0000000000003140                __log_backends_start__ = .
                0x0000000000003140                __start_log_backends = __log_backends_start__
 *(SORT_BY_NAME(.log_backends*))
                0x0000000000003140                __log_backends_end__ = (__log_backends_start__ + SIZEOF (.log_backends))
                0x0000000000000000                __log_backends_size__ = SIZEOF (.log_backends)
                0x0000000000003140                __stop_log_backends = __log_backends_end__
                0x0000000000003140                __log_backends_load_end__ = __log_backends_end__
                0x0000000000000001                . = ASSERT (((__log_backends_start__ == __log_backends_end__) || ((__log_backends_end__ - __FLASH1_segment_start__) <= __FLASH1_segment_size__)), error: .log_backends is too large to fit in FLASH1 memory segment)
                0x0000000000003140                __nrf_balloc_load_start__ = ALIGN (__log_backends_end__, 0x4)

.nrf_balloc     0x0000000000003140        0x0
                0x0000000000003140                __nrf_balloc_start__ = .
                0x0000000000003140                __start_nrf_balloc = __nrf_balloc_start__
 *(.nrf_balloc*)
                0x0000000000003140                __nrf_balloc_end__ = (__nrf_balloc_start__ + SIZEOF (.nrf_balloc))
                0x0000000000000000                __nrf_balloc_size__ = SIZEOF (.nrf_balloc)
                0x0000000000003140                __stop_nrf_balloc = __nrf_balloc_end__
                0x0000000000003140                __nrf_balloc_load_end__ = __nrf_balloc_end__
                0x0000000000000001                . = ASSERT (((__nrf_balloc_start__ == __nrf_balloc_end__) || ((__nrf_balloc_end__ - __FLASH1_segment_start__) <= __FLASH1_segment_size__)), error: .nrf_balloc is too large to fit in FLASH1 memory segment)
                0x0000000000003140                __nrf_sections_load_start__ = ALIGN (__nrf_balloc_end__, 0x4)

.nrf_sections   0x0000000000003140        0x0
                0x0000000000003140                __nrf_sections_start__ = .
                0x0000000000003140                __start_nrf_sections = __nrf_sections_start__
 *(.nrf_sections .nrf_sections.*)
                0x0000000000003140                __nrf_sections_end__ = (__nrf_sections_start__ + SIZEOF (.nrf_sections))
                0x0000000000000000                __nrf_sections_size__ = SIZEOF (.nrf_sections)
                0x0000000000003140                __nrf_sections_load_end__ = __nrf_sections_end__
                0x0000000000000001                . = ASSERT (((__nrf_sections_start__ == __nrf_sections_end__) || ((__nrf_sections_end__ - __FLASH1_segment_start__) <= __FLASH1_segment_size__)), error: .nrf_sections is too large to fit in FLASH1 memory segment)
                0x0000000000003140                __log_dynamic_data_load_start__ = ALIGN (__nrf_sections_end__, 0x4)

.log_dynamic_data
                0x0000000020000000        0x0 load address 0x0000000000003140
                0x0000000020000000                __log_dynamic_data_start__ = .
 *(SORT_BY_NAME(.log_dynamic_data*))
                0x0000000020000000                __log_dynamic_data_end__ = (__log_dynamic_data_start__ + SIZEOF (.log_dynamic_data))
                0x0000000000000000                __log_dynamic_data_size__ = SIZEOF (.log_dynamic_data)
                0x0000000000003140                __log_dynamic_data_load_end__ = (__log_dynamic_data_load_start__ + SIZEOF (.log_dynamic_data))
                0x0000000000000001                . = ASSERT (((__log_dynamic_data_load_start__ == __log_dynamic_data_load_end__) || ((__log_dynamic_data_load_end__ - __FLASH1_segment_start__) <= __FLASH1_segment_size__)), error: .log_dynamic_data is too large to fit in FLASH1 memory segment)

.log_dynamic_data_run
                0x0000000020000000        0x0
                0x0000000020000000                __log_dynamic_data_run_start__ = .
                0x0000000020000000                __start_log_dynamic_data = __log_dynamic_data_run_start__
                0x0000000020000000                __log_dynamic_data_run_end__ = (__log_dynamic_data_run_start__ + SIZEOF (.log_dynamic_data))
                0x0000000000000000                __log_dynamic_data_run_size__ = (__log_dynamic_data_run_end__ - __log_dynamic_data_run_start__)
                0x0000000020000000                __stop_log_dynamic_data = __log_dynamic_data_run_end__
                0x0000000020000000                __log_dynamic_data_run_load_end__ = __log_dynamic_data_run_end__
                0x0000000000000001                . = ASSERT (((__log_dynamic_data_run_start__ == __log_dynamic_data_run_end__) || ((__log_dynamic_data_run_end__ - __RAM1_segment_start__) <= __RAM1_segment_size__)), error: .log_dynamic_data_run is too large to fit in RAM1 memory segment)
                0x0000000000003140                __log_filter_data_load_start__ = ALIGN ((__log_dynamic_data_load_start__ + SIZEOF (.log_dynamic_data)), 0x4)

.log_filter_data
                0x0000000020000000        0x0 load address 0x0000000000003140
                0x0000000020000000                __log_filter_data_start__ = .
 *(SORT_BY_NAME(.log_filter_data*))
                0x0000000020000000                __log_filter_data_end__ = (__log_filter_data_start__ + SIZEOF (.log_filter_data))
                0x0000000000000000                __log_filter_data_size__ = SIZEOF (.log_filter_data)
                0x0000000000003140                __log_filter_data_load_end__ = (__log_filter_data_load_start__ + SIZEOF (.log_filter_data))
                0x0000000000000001                . = ASSERT (((__log_filter_data_load_start__ == __log_filter_data_load_end__) || ((__log_filter_data_load_end__ - __FLASH1_segment_start__) <= __FLASH1_segment_size__)), error: .log_filter_data is too large to fit in FLASH1 memory segment)

.log_filter_data_run
                0x0000000020000000        0x0
                0x0000000020000000                __log_filter_data_run_start__ = .
                0x0000000020000000                __start_log_filter_data = __log_filter_data_run_start__
                0x0000000020000000                __log_filter_data_run_end__ = (__log_filter_data_run_start__ + SIZEOF (.log_filter_data))
                0x0000000000000000                __log_filter_data_run_size__ = (__log_filter_data_run_end__ - __log_filter_data_run_start__)
                0x0000000020000000                __stop_log_filter_data = __log_filter_data_run_end__
                0x0000000020000000                __log_filter_data_run_load_end__ = __log_filter_data_run_end__
                0x0000000000000001                . = ASSERT (((__log_filter_data_run_start__ == __log_filter_data_run_end__) || ((__log_filter_data_run_end__ - __RAM1_segment_start__) <= __RAM1_segment_size__)), error: .log_filter_data_run is too large to fit in RAM1 memory segment)
                0x0000000020000000                __nrf_sections_run_end_load_start__ = ALIGN (__log_filter_data_run_end__, 0x4)

.nrf_sections_run_end
                0x0000000020000000        0x0
                0x0000000020000000                __nrf_sections_run_end_start__ = .
                0x0000000020000000                __end_nrf_sections_run = __nrf_sections_run_end_start__
 *(.nrf_sections_run_end .nrf_sections_run_end.*)
                0x0000000020000000                __nrf_sections_run_end_end__ = (__nrf_sections_run_end_start__ + SIZEOF (.nrf_sections_run_end))
                0x0000000000000000                __nrf_sections_run_end_size__ = SIZEOF (.nrf_sections_run_end)
                0x0000000020000000                __nrf_sections_run_end_load_end__ = __nrf_sections_run_end_end__
                0x0000000000000001                . = ASSERT (((__nrf_sections_run_end_start__ == __nrf_sections_run_end_end__) || ((__nrf_sections_run_end_end__ - __RAM1_segment_start__) <= __RAM1_segment_size__)), error: .nrf_sections_run_end is too large to fit in RAM1 memory segment)
                0x0000000000003140                __dtors_load_start__ = ALIGN ((__log_filter_data_load_start__ + SIZEOF (.log_filter_data)), 0x4)

.dtors          0x0000000000003140        0x0
                0x0000000000003140                __dtors_start__ = .
 *(SORT_BY_NAME(.dtors.*))
 *(.dtors)
 *(.fini_array)
 *(SORT_BY_NAME(.fini_array.*))
                0x0000000000003140                __dtors_end__ = (__dtors_start__ + SIZEOF (.dtors))
                0x0000000000000000                __dtors_size__ = SIZEOF (.dtors)
                0x0000000000003140                __dtors_load_end__ = __dtors_end__
                0x0000000000000001                . = ASSERT (((__dtors_start__ == __dtors_end__) || ((__dtors_end__ - __FLASH1_segment_start__) <= __FLASH1_segment_size__)), error: .dtors is too large to fit in FLASH1 memory segment)
                0x0000000000003140                __ctors_load_start__ = ALIGN (__dtors_end__, 0x4)

.ctors          0x0000000000003140        0x0
                0x0000000000003140                __ctors_start__ = .
 *(SORT_BY_NAME(.ctors.*))
 *(.ctors)
 *(.init_array)
 *(SORT_BY_NAME(.init_array.*))
                0x0000000000003140                __ctors_end__ = (__ctors_start__ + SIZEOF (.ctors))
                0x0000000000000000                __ctors_size__ = SIZEOF (.ctors)
                0x0000000000003140                __ctors_load_end__ = __ctors_end__
                0x0000000000000001                . = ASSERT (((__ctors_start__ == __ctors_end__) || ((__ctors_end__ - __FLASH1_segment_start__) <= __FLASH1_segment_size__)), error: .ctors is too large to fit in FLASH1 memory segment)
                0x0000000000003140                __rodata_load_start__ = ALIGN (__ctors_end__, 0x4)

.rodata         0x0000000000003140      0x43a
                0x0000000000003140                __rodata_start__ = .
 *(.rodata .rodata.* .gnu.linkonce.r.*)
 .rodata        0x0000000000003140       0x89 Output/Debug/Obj/uart_pca10100/boards.o
 *fill*         0x00000000000031c9        0x3 
 .rodata.m_board_led_list
                0x00000000000031cc        0x4 Output/Debug/Obj/uart_pca10100/boards.o
 .rodata.m_board_btn_list
                0x00000000000031d0        0x4 Output/Debug/Obj/uart_pca10100/boards.o
 .rodata        0x00000000000031d4       0x88 Output/Debug/Obj/uart_pca10100/app_uart_fifo.o
 .rodata        0x000000000000325c       0x6c Output/Debug/Obj/uart_pca10100/app_util_platform.o
 .rodata        0x00000000000032c8       0x66 Output/Debug/Obj/uart_pca10100/nrfx_prs.o
 *fill*         0x000000000000332e        0x2 
 .rodata        0x0000000000003330       0xc3 Output/Debug/Obj/uart_pca10100/nrfx_uart.o
 *fill*         0x00000000000033f3        0x1 
 .rodata.irq_handlers.0
                0x00000000000033f4        0x4 Output/Debug/Obj/uart_pca10100/nrfx_uart.o
 .rodata        0x00000000000033f8       0xc4 Output/Debug/Obj/uart_pca10100/nrfx_uarte.o
 .rodata.irq_handlers.0
                0x00000000000034bc        0x4 Output/Debug/Obj/uart_pca10100/nrfx_uarte.o
 .rodata        0x00000000000034c0       0xa0 Output/Debug/Obj/uart_pca10100/main.o
 .rodata.libc._DoInit._aInitStr
                0x0000000000003560       0x11 /usr/share/segger_embedded_studio_for_arm_7.32a/lib/prinops_rtt_v7em_fpv4_sp_d16_hard_t_le_eabi_balanced.a(SEGGER_RTT.o)
 .rodata.libc..L.str
                0x0000000000003571        0x9 /usr/share/segger_embedded_studio_for_arm_7.32a/lib/prinops_rtt_v7em_fpv4_sp_d16_hard_t_le_eabi_balanced.a(SEGGER_RTT.o)
                0x000000000000357a                __rodata_end__ = (__rodata_start__ + SIZEOF (.rodata))
                0x000000000000043a                __rodata_size__ = SIZEOF (.rodata)
                0x000000000000357a                __rodata_load_end__ = __rodata_end__

.rel.dyn        0x000000000000357c        0x0
 .rel.iplt      0x000000000000357c        0x0 Output/Debug/Obj/uart_pca10100/thumb_crt0.o
                0x0000000000000001                . = ASSERT (((__rodata_start__ == __rodata_end__) || ((__rodata_end__ - __FLASH1_segment_start__) <= __FLASH1_segment_size__)), error: .rodata is too large to fit in FLASH1 memory segment)
                0x000000000000357c                __ARM.exidx_load_start__ = ALIGN (__rodata_end__, 0x4)

.ARM.exidx      0x000000000000357c        0x0
                0x000000000000357c                __ARM.exidx_start__ = .
                0x000000000000357c                __exidx_start = __ARM.exidx_start__
 *(.ARM.exidx .ARM.exidx.*)
                0x000000000000357c                __ARM.exidx_end__ = (__ARM.exidx_start__ + SIZEOF (.ARM.exidx))
                0x0000000000000000                __ARM.exidx_size__ = SIZEOF (.ARM.exidx)
                0x000000000000357c                __exidx_end = __ARM.exidx_end__
                0x000000000000357c                __ARM.exidx_load_end__ = __ARM.exidx_end__
                0x0000000000000001                . = ASSERT (((__ARM.exidx_start__ == __ARM.exidx_end__) || ((__ARM.exidx_end__ - __FLASH1_segment_start__) <= __FLASH1_segment_size__)), error: .ARM.exidx is too large to fit in FLASH1 memory segment)
                0x000000000000357c                __fast_load_start__ = ALIGN (__ARM.exidx_end__, 0x4)

.fast           0x0000000020000000        0x0 load address 0x000000000000357c
                0x0000000020000000                __fast_start__ = .
 *(.fast .fast.*)
                0x0000000020000000                __fast_end__ = (__fast_start__ + SIZEOF (.fast))
                0x0000000000000000                __fast_size__ = SIZEOF (.fast)
                0x000000000000357c                __fast_load_end__ = (__fast_load_start__ + SIZEOF (.fast))
                0x0000000000000001                . = ASSERT (((__fast_load_start__ == __fast_load_end__) || ((__fast_load_end__ - __FLASH1_segment_start__) <= __FLASH1_segment_size__)), error: .fast is too large to fit in FLASH1 memory segment)

.fast_run       0x0000000020000000        0x0
                0x0000000020000000                __fast_run_start__ = .
                0x0000000020000000                __fast_run_end__ = (__fast_run_start__ + SIZEOF (.fast))
                0x0000000000000000                __fast_run_size__ = (__fast_run_end__ - __fast_run_start__)
                0x0000000020000000                __fast_run_load_end__ = __fast_run_end__
                0x0000000000000001                . = ASSERT (((__fast_run_start__ == __fast_run_end__) || ((__fast_run_end__ - __RAM1_segment_start__) <= __RAM1_segment_size__)), error: .fast_run is too large to fit in RAM1 memory segment)
                0x000000000000357c                __data_load_start__ = ALIGN ((__fast_load_start__ + SIZEOF (.fast)), 0x4)

.data           0x0000000020000000       0x24 load address 0x000000000000357c
                0x0000000020000000                __data_start__ = .
 *(.data .data.* .gnu.linkonce.d.*)
 .data.app_uart_inst
                0x0000000020000000       0x14 Output/Debug/Obj/uart_pca10100/app_uart_fifo.o
 .data.SystemCoreClock
                0x0000000020000014        0x4 Output/Debug/Obj/uart_pca10100/system_nrf52833.o
                0x0000000020000014                SystemCoreClock
 .data.libc.stdin
                0x0000000020000018        0x4 /usr/share/segger_embedded_studio_for_arm_7.32a/lib/prinops_rtt_v7em_fpv4_sp_d16_hard_t_le_eabi_balanced.a(prinops_rtt.o)
                0x0000000020000018                stdin
 .data.libc.stdout
                0x000000002000001c        0x4 /usr/share/segger_embedded_studio_for_arm_7.32a/lib/prinops_rtt_v7em_fpv4_sp_d16_hard_t_le_eabi_balanced.a(prinops_rtt.o)
                0x000000002000001c                stdout
 .data.libc.stderr
                0x0000000020000020        0x4 /usr/share/segger_embedded_studio_for_arm_7.32a/lib/prinops_rtt_v7em_fpv4_sp_d16_hard_t_le_eabi_balanced.a(prinops_rtt.o)
                0x0000000020000020                stderr
                0x0000000020000024                __data_end__ = (__data_start__ + SIZEOF (.data))
                0x0000000000000024                __data_size__ = SIZEOF (.data)
                0x00000000000035a0                __data_load_end__ = (__data_load_start__ + SIZEOF (.data))

.igot.plt       0x0000000100000000        0x0
 .igot.plt      0x0000000100000000        0x0 Output/Debug/Obj/uart_pca10100/thumb_crt0.o
                0x0000000000000001                . = ASSERT (((__data_load_start__ == __data_load_end__) || ((__data_load_end__ - __FLASH1_segment_start__) <= __FLASH1_segment_size__)), error: .data is too large to fit in FLASH1 memory segment)

.data_run       0x0000000020000000        0x0
                0x0000000020000000                __data_run_start__ = .
                0x0000000020000024                __data_run_end__ = (__data_run_start__ + SIZEOF (.data))
                0x0000000000000024                __data_run_size__ = (__data_run_end__ - __data_run_start__)
                0x0000000020000024                __data_run_load_end__ = __data_run_end__
                0x0000000000000001                . = ASSERT (((__data_run_start__ == __data_run_end__) || ((__data_run_end__ - __RAM1_segment_start__) <= __RAM1_segment_size__)), error: .data_run is too large to fit in RAM1 memory segment)
                0x00000000000035a0                __tdata_load_start__ = ALIGN ((__data_load_start__ + SIZEOF (.data)), 0x4)

.tdata          0x0000000020000024        0x0 load address 0x00000000000035a0
                0x0000000020000024                __tdata_start__ = .
 *(.tdata .tdata.*)
                0x0000000020000024                __tdata_end__ = (__tdata_start__ + SIZEOF (.tdata))
                0x0000000000000000                __tdata_size__ = SIZEOF (.tdata)
                0x00000000000035a0                __tdata_load_end__ = (__tdata_load_start__ + SIZEOF (.tdata))
                0x00000000000035a0                __FLASH1_segment_used_end__ = (ALIGN ((__data_load_start__ + SIZEOF (.data)), 0x4) + SIZEOF (.tdata))
                0x00000000000035a0                __FLASH1_segment_used_size__ = (__FLASH1_segment_used_end__ - __FLASH1_segment_start__)
                0x0000000000000001                . = ASSERT (((__tdata_load_start__ == __tdata_load_end__) || ((__tdata_load_end__ - __FLASH1_segment_start__) <= __FLASH1_segment_size__)), error: .tdata is too large to fit in FLASH1 memory segment)

.tdata_run      0x0000000020000024        0x0
                0x0000000020000024                __tdata_run_start__ = .
                0x0000000020000024                __tdata_run_end__ = (__tdata_run_start__ + SIZEOF (.tdata))
                0x0000000000000000                __tdata_run_size__ = (__tdata_run_end__ - __tdata_run_start__)
                0x0000000020000024                __tdata_run_load_end__ = __tdata_run_end__
                0x0000000000000001                . = ASSERT (((__tdata_run_start__ == __tdata_run_end__) || ((__tdata_run_end__ - __RAM1_segment_start__) <= __RAM1_segment_size__)), error: .tdata_run is too large to fit in RAM1 memory segment)
                0x0000000020000024                __bss_load_start__ = ALIGN (__tdata_run_end__, 0x4)

.bss            0x0000000020000024      0x784
                0x0000000020000024                __bss_start__ = .
 *(.bss .bss.* .gnu.linkonce.b.*)
 .bss.m_error_data.0
                0x0000000020000024       0x20 Output/Debug/Obj/uart_pca10100/app_error.o
 .bss.m_event_handler
                0x0000000020000044        0x4 Output/Debug/Obj/uart_pca10100/app_uart_fifo.o
 .bss.tx_buffer
                0x0000000020000048        0x1 Output/Debug/Obj/uart_pca10100/app_uart_fifo.o
 *fill*         0x0000000020000049        0x3 
 .bss.rx_buffer
                0x000000002000004c        0x1 Output/Debug/Obj/uart_pca10100/app_uart_fifo.o
 .bss.m_rx_ovf  0x000000002000004d        0x1 Output/Debug/Obj/uart_pca10100/app_uart_fifo.o
 *fill*         0x000000002000004e        0x2 
 .bss.m_rx_fifo
                0x0000000020000050       0x10 Output/Debug/Obj/uart_pca10100/app_uart_fifo.o
 .bss.m_tx_fifo
                0x0000000020000060       0x10 Output/Debug/Obj/uart_pca10100/app_uart_fifo.o
 .bss.m_in_critical_region
                0x0000000020000070        0x4 Output/Debug/Obj/uart_pca10100/app_util_platform.o
 .bss.m_handlers
                0x0000000020000074        0x8 Output/Debug/Obj/uart_pca10100/nrf_drv_uart.o
 .bss.m_contexts
                0x000000002000007c        0x8 Output/Debug/Obj/uart_pca10100/nrf_drv_uart.o
 .bss.nrf_drv_uart_use_easy_dma
                0x0000000020000084        0x2 Output/Debug/Obj/uart_pca10100/nrf_drv_uart.o
                0x0000000020000084                nrf_drv_uart_use_easy_dma
 *fill*         0x0000000020000086        0x2 
 .bss.m_prs_box_4
                0x0000000020000088        0x8 Output/Debug/Obj/uart_pca10100/nrfx_prs.o
 .bss.m_cb      0x0000000020000090       0x2c Output/Debug/Obj/uart_pca10100/nrfx_uart.o
 .bss.m_cb      0x00000000200000bc       0x24 Output/Debug/Obj/uart_pca10100/nrfx_uarte.o
 .bss.rx_buf.1  0x00000000200000e0      0x100 Output/Debug/Obj/uart_pca10100/main.o
 .bss.tx_buf.0  0x00000000200001e0      0x100 Output/Debug/Obj/uart_pca10100/main.o
 .bss.libc.__SEGGER_RTL_stdin_file
                0x00000000200002e0        0x4 /usr/share/segger_embedded_studio_for_arm_7.32a/lib/prinops_rtt_v7em_fpv4_sp_d16_hard_t_le_eabi_balanced.a(prinops_rtt.o)
 .bss.libc.__SEGGER_RTL_stdout_file
                0x00000000200002e4        0x4 /usr/share/segger_embedded_studio_for_arm_7.32a/lib/prinops_rtt_v7em_fpv4_sp_d16_hard_t_le_eabi_balanced.a(prinops_rtt.o)
 .bss.libc.__SEGGER_RTL_stderr_file
                0x00000000200002e8        0x4 /usr/share/segger_embedded_studio_for_arm_7.32a/lib/prinops_rtt_v7em_fpv4_sp_d16_hard_t_le_eabi_balanced.a(prinops_rtt.o)
 .bss.libc._SEGGER_RTT
                0x00000000200002ec       0xa8 /usr/share/segger_embedded_studio_for_arm_7.32a/lib/prinops_rtt_v7em_fpv4_sp_d16_hard_t_le_eabi_balanced.a(SEGGER_RTT.o)
                0x00000000200002ec                _SEGGER_RTT
 .bss.libc._acUpBuffer
                0x0000000020000394      0x400 /usr/share/segger_embedded_studio_for_arm_7.32a/lib/prinops_rtt_v7em_fpv4_sp_d16_hard_t_le_eabi_balanced.a(SEGGER_RTT.o)
 .bss.libc._acDownBuffer
                0x0000000020000794       0x10 /usr/share/segger_embedded_studio_for_arm_7.32a/lib/prinops_rtt_v7em_fpv4_sp_d16_hard_t_le_eabi_balanced.a(SEGGER_RTT.o)
 .bss.libc.__SEGGER_RTL_heap_globals.0
                0x00000000200007a4        0x4 /usr/share/segger_embedded_studio_for_arm_7.32a/lib/heapops_basic_v7em_fpv4_sp_d16_hard_t_le_eabi_balanced.a(heapops_basic.o)
 *(COMMON)
                0x00000000200007a8                __bss_end__ = (__bss_start__ + SIZEOF (.bss))
                0x0000000000000784                __bss_size__ = SIZEOF (.bss)
                0x00000000200007a8                __bss_load_end__ = __bss_end__
                0x0000000000000001                . = ASSERT (((__bss_start__ == __bss_end__) || ((__bss_end__ - __RAM1_segment_start__) <= __RAM1_segment_size__)), error: .bss is too large to fit in RAM1 memory segment)
                0x00000000200007a8                __tbss_load_start__ = ALIGN (__bss_end__, 0x4)

.tbss           0x00000000200007a8        0x0
                0x00000000200007a8                __tbss_start__ = .
 *(.tbss .tbss.*)
                0x00000000200007a8                __tbss_end__ = (__tbss_start__ + SIZEOF (.tbss))
                0x0000000000000000                __tbss_size__ = SIZEOF (.tbss)
                0x00000000200007a8                __tbss_load_end__ = __tbss_end__
                0x0000000000000001                . = ASSERT (((__tbss_start__ == __tbss_end__) || ((__tbss_end__ - __RAM1_segment_start__) <= __RAM1_segment_size__)), error: .tbss is too large to fit in RAM1 memory segment)
                0x00000000200007a8                __non_init_load_start__ = ALIGN (__tbss_end__, 0x4)

.non_init       0x00000000200007a8        0x0
                0x00000000200007a8                __non_init_start__ = .
 *(.non_init .non_init.*)
                0x00000000200007a8                __non_init_end__ = (__non_init_start__ + SIZEOF (.non_init))
                0x0000000000000000                __non_init_size__ = SIZEOF (.non_init)
                0x00000000200007a8                __non_init_load_end__ = __non_init_end__
                0x0000000000000001                . = ASSERT (((__non_init_start__ == __non_init_end__) || ((__non_init_end__ - __RAM1_segment_start__) <= __RAM1_segment_size__)), error: .non_init is too large to fit in RAM1 memory segment)
                0x00000000200007a8                __heap_load_start__ = ALIGN (__non_init_end__, 0x4)

.heap           0x00000000200007a8     0x2000
                0x00000000200007a8                __heap_start__ = .
 *(.heap .heap.*)
                0x00000000200027a8                . = ALIGN (MAX ((__heap_start__ + __HEAPSIZE__), .), 0x4)
 *fill*         0x00000000200007a8     0x2000 
                0x00000000200027a8                __heap_end__ = (__heap_start__ + SIZEOF (.heap))
                0x0000000000002000                __heap_size__ = SIZEOF (.heap)
                0x00000000200027a8                __heap_load_end__ = __heap_end__
                0x0000000000000001                . = ASSERT (((__heap_start__ == __heap_end__) || ((__heap_end__ - __RAM1_segment_start__) <= __RAM1_segment_size__)), error: .heap is too large to fit in RAM1 memory segment)
                0x0000000000000001                . = ASSERT ((__HEAPSIZE__ == ALIGN (__HEAPSIZE__, 0x4)), error: .heap section size does not match alignment)
                0x0000000000000001                . = ASSERT ((__heap_size__ <= __HEAPSIZE__), error: .heap section is larger than specified size)
                0x000000002001e000                __stack_load_start__ = (__RAM1_segment_start__ + (__RAM1_segment_size__ - 0x2000))

.stack          0x000000002001e000     0x2000
                0x000000002001e000                __stack_start__ = .
                0x000000002001e000                __StackLimit = __stack_start__
 *(.stack .stack.*)
                0x0000000020020000                . = ALIGN (MAX ((__stack_start__ + __STACKSIZE__), .), 0x8)
 *fill*         0x000000002001e000     0x2000 
                0x0000000020020000                __stack_end__ = (__stack_start__ + SIZEOF (.stack))
                0x0000000000002000                __stack_size__ = SIZEOF (.stack)
                0x0000000020020000                __StackTop = __stack_end__
                0x0000000020020000                __stack_load_end__ = __stack_end__
                0x0000000000000001                . = ASSERT (((__stack_start__ == __stack_end__) || ((__stack_end__ - __RAM1_segment_start__) <= __RAM1_segment_size__)), error: .stack is too large to fit in RAM1 memory segment)
                0x0000000000000001                . = ASSERT ((__heap_end__ <= __stack_start__), error: section .heap overlaps absolute placed section .stack)
                0x0000000000000001                . = ASSERT ((__STACKSIZE__ == ALIGN (__STACKSIZE__, 0x8)), error: .stack section size does not match alignment)
                0x0000000000000001                . = ASSERT ((__stack_size__ <= __STACKSIZE__), error: .stack section is larger than specified size)
                0x0000000020020000                __stack_process_load_start__ = ALIGN (__stack_end__, 0x8)

.stack_process  0x0000000020020000        0x0
                0x0000000020020000                __stack_process_start__ = .
 *(.stack_process .stack_process.*)
                0x0000000020020000                . = ALIGN (MAX ((__stack_process_start__ + __STACKSIZE_PROCESS__), .), 0x8)
                0x0000000020020000                __stack_process_end__ = (__stack_process_start__ + SIZEOF (.stack_process))
                0x0000000000000000                __stack_process_size__ = SIZEOF (.stack_process)
                0x0000000020020000                __stack_process_load_end__ = __stack_process_end__
                0x0000000020020000                __RAM1_segment_used_end__ = (ALIGN (__stack_end__, 0x8) + SIZEOF (.stack_process))
                0x0000000000020000                __RAM1_segment_used_size__ = (__RAM1_segment_used_end__ - __RAM1_segment_start__)
                0x0000000000000001                . = ASSERT (((__stack_process_start__ == __stack_process_end__) || ((__stack_process_end__ - __RAM1_segment_start__) <= __RAM1_segment_size__)), error: .stack_process is too large to fit in RAM1 memory segment)
                0x0000000000000001                . = ASSERT ((__STACKSIZE_PROCESS__ == ALIGN (__STACKSIZE_PROCESS__, 0x8)), error: .stack_process section size does not match alignment)
                0x0000000000000001                . = ASSERT ((__stack_process_size__ <= __STACKSIZE_PROCESS__), error: .stack_process section is larger than specified size)
START GROUP
LOAD Output/Debug/Obj/uart_pca10100/thumb_crt0.o
LOAD Output/Debug/Obj/uart_pca10100/nrf_log_frontend.o
LOAD Output/Debug/Obj/uart_pca10100/nrf_log_str_formatter.o
LOAD Output/Debug/Obj/uart_pca10100/boards.o
LOAD Output/Debug/Obj/uart_pca10100/app_error.o
LOAD Output/Debug/Obj/uart_pca10100/app_error_handler_gcc.o
LOAD Output/Debug/Obj/uart_pca10100/app_error_weak.o
LOAD Output/Debug/Obj/uart_pca10100/app_fifo.o
LOAD Output/Debug/Obj/uart_pca10100/app_uart_fifo.o
LOAD Output/Debug/Obj/uart_pca10100/app_util_platform.o
LOAD Output/Debug/Obj/uart_pca10100/nrf_assert.o
LOAD Output/Debug/Obj/uart_pca10100/nrf_atomic.o
LOAD Output/Debug/Obj/uart_pca10100/nrf_balloc.o
LOAD Output/Debug/Obj/uart_pca10100/nrf_fprintf.o
LOAD Output/Debug/Obj/uart_pca10100/nrf_fprintf_format.o
LOAD Output/Debug/Obj/uart_pca10100/nrf_memobj.o
LOAD Output/Debug/Obj/uart_pca10100/nrf_ringbuf.o
LOAD Output/Debug/Obj/uart_pca10100/nrf_strerror.o
LOAD Output/Debug/Obj/uart_pca10100/nrf_drv_uart.o
LOAD Output/Debug/Obj/uart_pca10100/nrfx_atomic.o
LOAD Output/Debug/Obj/uart_pca10100/nrfx_prs.o
LOAD Output/Debug/Obj/uart_pca10100/nrfx_uart.o
LOAD Output/Debug/Obj/uart_pca10100/nrfx_uarte.o
LOAD Output/Debug/Obj/uart_pca10100/main.o
LOAD Output/Debug/Obj/uart_pca10100/ses_startup_nrf52833.o
LOAD Output/Debug/Obj/uart_pca10100/ses_startup_nrf_common.o
LOAD Output/Debug/Obj/uart_pca10100/system_nrf52833.o
LOAD /usr/share/segger_embedded_studio_for_arm_7.32a/lib/libc_v7em_fpv4_sp_d16_hard_t_le_eabi_balanced.a
LOAD /usr/share/segger_embedded_studio_for_arm_7.32a/lib/prinops_rtt_v7em_fpv4_sp_d16_hard_t_le_eabi_balanced.a
LOAD /usr/share/segger_embedded_studio_for_arm_7.32a/lib/heapops_basic_v7em_fpv4_sp_d16_hard_t_le_eabi_balanced.a
LOAD /usr/share/segger_embedded_studio_for_arm_7.32a/lib/heapops_disable_interrupts_locking_v7em_fpv4_sp_d16_hard_t_le_eabi_balanced.a
LOAD /usr/share/segger_embedded_studio_for_arm_7.32a/lib/strops_unaligned_v7em_fpv4_sp_d16_hard_t_le_eabi_balanced.a
END GROUP
OUTPUT(/home/ubuntu/Downloads/DeviceDownload/nRF5_SDK_17.1.0_ddde560/examples/peripheral/uart/pca10100/blank/ses/Output/Debug/Exe/uart_pca10100.elf elf32-littlearm)
LOAD linker stubs

.ARM.attributes
                0x0000000000000000       0x36
 .ARM.attributes
                0x0000000000000000       0x20 Output/Debug/Obj/uart_pca10100/thumb_crt0.o
 .ARM.attributes
                0x0000000000000020       0x36 Output/Debug/Obj/uart_pca10100/boards.o
 .ARM.attributes
                0x0000000000000056       0x36 Output/Debug/Obj/uart_pca10100/app_error.o
 .ARM.attributes
                0x000000000000008c       0x36 Output/Debug/Obj/uart_pca10100/app_error_handler_gcc.o
 .ARM.attributes
                0x00000000000000c2       0x36 Output/Debug/Obj/uart_pca10100/app_error_weak.o
 .ARM.attributes
                0x00000000000000f8       0x36 Output/Debug/Obj/uart_pca10100/app_fifo.o
 .ARM.attributes
                0x000000000000012e       0x36 Output/Debug/Obj/uart_pca10100/app_uart_fifo.o
 .ARM.attributes
                0x0000000000000164       0x36 Output/Debug/Obj/uart_pca10100/app_util_platform.o
 .ARM.attributes
                0x000000000000019a       0x36 Output/Debug/Obj/uart_pca10100/nrf_assert.o
 .ARM.attributes
                0x00000000000001d0       0x36 Output/Debug/Obj/uart_pca10100/nrf_drv_uart.o
 .ARM.attributes
                0x0000000000000206       0x36 Output/Debug/Obj/uart_pca10100/nrfx_prs.o
 .ARM.attributes
                0x000000000000023c       0x36 Output/Debug/Obj/uart_pca10100/nrfx_uart.o
 .ARM.attributes
                0x0000000000000272       0x36 Output/Debug/Obj/uart_pca10100/nrfx_uarte.o
 .ARM.attributes
                0x00000000000002a8       0x36 Output/Debug/Obj/uart_pca10100/main.o
 .ARM.attributes
                0x00000000000002de       0x20 Output/Debug/Obj/uart_pca10100/ses_startup_nrf52833.o
 .ARM.attributes
                0x00000000000002fe       0x20 Output/Debug/Obj/uart_pca10100/ses_startup_nrf_common.o
 .ARM.attributes
                0x000000000000031e       0x36 Output/Debug/Obj/uart_pca10100/system_nrf52833.o
 .ARM.attributes
                0x0000000000000354       0x3e /usr/share/segger_embedded_studio_for_arm_7.32a/lib/libc_v7em_fpv4_sp_d16_hard_t_le_eabi_balanced.a(fileops.o)
 .ARM.attributes
                0x0000000000000392       0x3e /usr/share/segger_embedded_studio_for_arm_7.32a/lib/prinops_rtt_v7em_fpv4_sp_d16_hard_t_le_eabi_balanced.a(prinops_rtt.o)
 .ARM.attributes
                0x00000000000003d0       0x3e /usr/share/segger_embedded_studio_for_arm_7.32a/lib/prinops_rtt_v7em_fpv4_sp_d16_hard_t_le_eabi_balanced.a(SEGGER_RTT.o)
 .ARM.attributes
                0x000000000000040e       0x3e /usr/share/segger_embedded_studio_for_arm_7.32a/lib/heapops_basic_v7em_fpv4_sp_d16_hard_t_le_eabi_balanced.a(heapops_basic.o)
 .ARM.attributes
                0x000000000000044c       0x3e /usr/share/segger_embedded_studio_for_arm_7.32a/lib/strops_unaligned_v7em_fpv4_sp_d16_hard_t_le_eabi_balanced.a(strops.o)
 .ARM.attributes
                0x000000000000048a       0x20 /usr/share/segger_embedded_studio_for_arm_7.32a/lib/strops_unaligned_v7em_fpv4_sp_d16_hard_t_le_eabi_balanced.a(strasmops_arm.o)

.comment        0x0000000000000000       0x74
 .comment       0x0000000000000000       0x3d Output/Debug/Obj/uart_pca10100/boards.o
                                         0x3e (size before relaxing)
 .comment       0x000000000000003d       0x3e Output/Debug/Obj/uart_pca10100/app_error.o
 .comment       0x000000000000003d       0x3e Output/Debug/Obj/uart_pca10100/app_error_handler_gcc.o
 .comment       0x000000000000003d       0x3e Output/Debug/Obj/uart_pca10100/app_error_weak.o
 .comment       0x000000000000003d       0x3e Output/Debug/Obj/uart_pca10100/app_fifo.o
 .comment       0x000000000000003d       0x3e Output/Debug/Obj/uart_pca10100/app_uart_fifo.o
 .comment       0x000000000000003d       0x3e Output/Debug/Obj/uart_pca10100/app_util_platform.o
 .comment       0x000000000000003d       0x3e Output/Debug/Obj/uart_pca10100/nrf_assert.o
 .comment       0x000000000000003d       0x3e Output/Debug/Obj/uart_pca10100/nrf_drv_uart.o
 .comment       0x000000000000003d       0x3e Output/Debug/Obj/uart_pca10100/nrfx_prs.o
 .comment       0x000000000000003d       0x3e Output/Debug/Obj/uart_pca10100/nrfx_uart.o
 .comment       0x000000000000003d       0x3e Output/Debug/Obj/uart_pca10100/nrfx_uarte.o
 .comment       0x000000000000003d       0x3e Output/Debug/Obj/uart_pca10100/main.o
 .comment       0x000000000000003d       0x3e Output/Debug/Obj/uart_pca10100/system_nrf52833.o
 .comment       0x000000000000003d       0x37 /usr/share/segger_embedded_studio_for_arm_7.32a/lib/libc_v7em_fpv4_sp_d16_hard_t_le_eabi_balanced.a(fileops.o)
                                         0x38 (size before relaxing)
 .comment       0x0000000000000074       0x38 /usr/share/segger_embedded_studio_for_arm_7.32a/lib/prinops_rtt_v7em_fpv4_sp_d16_hard_t_le_eabi_balanced.a(prinops_rtt.o)
 .comment       0x0000000000000074       0x38 /usr/share/segger_embedded_studio_for_arm_7.32a/lib/prinops_rtt_v7em_fpv4_sp_d16_hard_t_le_eabi_balanced.a(SEGGER_RTT.o)
 .comment       0x0000000000000074       0x38 /usr/share/segger_embedded_studio_for_arm_7.32a/lib/heapops_basic_v7em_fpv4_sp_d16_hard_t_le_eabi_balanced.a(heapops_basic.o)
 .comment       0x0000000000000074       0x38 /usr/share/segger_embedded_studio_for_arm_7.32a/lib/strops_unaligned_v7em_fpv4_sp_d16_hard_t_le_eabi_balanced.a(strops.o)

.stack_sizes    0x0000000000000000       0x46
 .stack_sizes   0x0000000000000000        0x5 /usr/share/segger_embedded_studio_for_arm_7.32a/lib/libc_v7em_fpv4_sp_d16_hard_t_le_eabi_balanced.a(fileops.o)
 .stack_sizes   0x0000000000000005        0x5 /usr/share/segger_embedded_studio_for_arm_7.32a/lib/libc_v7em_fpv4_sp_d16_hard_t_le_eabi_balanced.a(fileops.o)
 .stack_sizes   0x000000000000000a        0x5 /usr/share/segger_embedded_studio_for_arm_7.32a/lib/libc_v7em_fpv4_sp_d16_hard_t_le_eabi_balanced.a(fileops.o)
 .stack_sizes   0x000000000000000f        0x5 /usr/share/segger_embedded_studio_for_arm_7.32a/lib/libc_v7em_fpv4_sp_d16_hard_t_le_eabi_balanced.a(fileops.o)
 .stack_sizes   0x0000000000000014        0x5 /usr/share/segger_embedded_studio_for_arm_7.32a/lib/prinops_rtt_v7em_fpv4_sp_d16_hard_t_le_eabi_balanced.a(prinops_rtt.o)
 .stack_sizes   0x0000000000000019        0x5 /usr/share/segger_embedded_studio_for_arm_7.32a/lib/prinops_rtt_v7em_fpv4_sp_d16_hard_t_le_eabi_balanced.a(prinops_rtt.o)
 .stack_sizes   0x000000000000001e        0x5 /usr/share/segger_embedded_studio_for_arm_7.32a/lib/prinops_rtt_v7em_fpv4_sp_d16_hard_t_le_eabi_balanced.a(SEGGER_RTT.o)
 .stack_sizes   0x0000000000000023        0x5 /usr/share/segger_embedded_studio_for_arm_7.32a/lib/prinops_rtt_v7em_fpv4_sp_d16_hard_t_le_eabi_balanced.a(SEGGER_RTT.o)
 .stack_sizes   0x0000000000000028        0x5 /usr/share/segger_embedded_studio_for_arm_7.32a/lib/prinops_rtt_v7em_fpv4_sp_d16_hard_t_le_eabi_balanced.a(SEGGER_RTT.o)
 .stack_sizes   0x000000000000002d        0x5 /usr/share/segger_embedded_studio_for_arm_7.32a/lib/prinops_rtt_v7em_fpv4_sp_d16_hard_t_le_eabi_balanced.a(SEGGER_RTT.o)
 .stack_sizes   0x0000000000000032        0x5 /usr/share/segger_embedded_studio_for_arm_7.32a/lib/prinops_rtt_v7em_fpv4_sp_d16_hard_t_le_eabi_balanced.a(SEGGER_RTT.o)
 .stack_sizes   0x0000000000000037        0x5 /usr/share/segger_embedded_studio_for_arm_7.32a/lib/prinops_rtt_v7em_fpv4_sp_d16_hard_t_le_eabi_balanced.a(SEGGER_RTT.o)
 .stack_sizes   0x000000000000003c        0x5 /usr/share/segger_embedded_studio_for_arm_7.32a/lib/heapops_basic_v7em_fpv4_sp_d16_hard_t_le_eabi_balanced.a(heapops_basic.o)
 .stack_sizes   0x0000000000000041        0x5 /usr/share/segger_embedded_studio_for_arm_7.32a/lib/strops_unaligned_v7em_fpv4_sp_d16_hard_t_le_eabi_balanced.a(strops.o)

.note.GNU-stack
                0x0000000000000000        0x0
 .note.GNU-stack
                0x0000000000000000        0x0 /usr/share/segger_embedded_studio_for_arm_7.32a/lib/libc_v7em_fpv4_sp_d16_hard_t_le_eabi_balanced.a(fileops.o)
 .note.GNU-stack
                0x0000000000000000        0x0 /usr/share/segger_embedded_studio_for_arm_7.32a/lib/prinops_rtt_v7em_fpv4_sp_d16_hard_t_le_eabi_balanced.a(prinops_rtt.o)
 .note.GNU-stack
                0x0000000000000000        0x0 /usr/share/segger_embedded_studio_for_arm_7.32a/lib/prinops_rtt_v7em_fpv4_sp_d16_hard_t_le_eabi_balanced.a(SEGGER_RTT.o)
 .note.GNU-stack
                0x0000000000000000        0x0 /usr/share/segger_embedded_studio_for_arm_7.32a/lib/heapops_basic_v7em_fpv4_sp_d16_hard_t_le_eabi_balanced.a(heapops_basic.o)
 .note.GNU-stack
                0x0000000000000000        0x0 /usr/share/segger_embedded_studio_for_arm_7.32a/lib/strops_unaligned_v7em_fpv4_sp_d16_hard_t_le_eabi_balanced.a(strops.o)

.debug_line     0x0000000000000000     0x9dae
 .debug_line    0x0000000000000000      0x18f Output/Debug/Obj/uart_pca10100/thumb_crt0.o
 .debug_line    0x000000000000018f      0xa0b Output/Debug/Obj/uart_pca10100/boards.o
 .debug_line    0x0000000000000b9a      0x3a9 Output/Debug/Obj/uart_pca10100/app_error.o
 .debug_line    0x0000000000000f43      0x3a3 Output/Debug/Obj/uart_pca10100/app_error_handler_gcc.o
 .debug_line    0x00000000000012e6      0x5c0 Output/Debug/Obj/uart_pca10100/app_error_weak.o
 .debug_line    0x00000000000018a6      0x596 Output/Debug/Obj/uart_pca10100/app_fifo.o
 .debug_line    0x0000000000001e3c      0x939 Output/Debug/Obj/uart_pca10100/app_uart_fifo.o
 .debug_line    0x0000000000002775      0x477 Output/Debug/Obj/uart_pca10100/app_util_platform.o
 .debug_line    0x0000000000002bec      0x32d Output/Debug/Obj/uart_pca10100/nrf_assert.o
 .debug_line    0x0000000000002f19      0x6c4 Output/Debug/Obj/uart_pca10100/nrf_drv_uart.o
 .debug_line    0x00000000000035dd      0x730 Output/Debug/Obj/uart_pca10100/nrfx_prs.o
 .debug_line    0x0000000000003d0d     0x12d4 Output/Debug/Obj/uart_pca10100/nrfx_uart.o
 .debug_line    0x0000000000004fe1     0x12a5 Output/Debug/Obj/uart_pca10100/nrfx_uarte.o
 .debug_line    0x0000000000006286      0x6f2 Output/Debug/Obj/uart_pca10100/main.o
 .debug_line    0x0000000000006978       0xa4 Output/Debug/Obj/uart_pca10100/ses_startup_nrf52833.o
 .debug_line    0x0000000000006a1c       0xc3 Output/Debug/Obj/uart_pca10100/ses_startup_nrf_common.o
 .debug_line    0x0000000000006adf     0x32cf Output/Debug/Obj/uart_pca10100/system_nrf52833.o

.debug_info     0x0000000000000000     0xc423
 .debug_info    0x0000000000000000       0x22 Output/Debug/Obj/uart_pca10100/thumb_crt0.o
 .debug_info    0x0000000000000022      0x92f Output/Debug/Obj/uart_pca10100/boards.o
 .debug_info    0x0000000000000951      0x289 Output/Debug/Obj/uart_pca10100/app_error.o
 .debug_info    0x0000000000000bda      0x101 Output/Debug/Obj/uart_pca10100/app_error_handler_gcc.o
 .debug_info    0x0000000000000cdb      0x255 Output/Debug/Obj/uart_pca10100/app_error_weak.o
 .debug_info    0x0000000000000f30      0x426 Output/Debug/Obj/uart_pca10100/app_fifo.o
 .debug_info    0x0000000000001356     0x13fe Output/Debug/Obj/uart_pca10100/app_uart_fifo.o
 .debug_info    0x0000000000002754      0x767 Output/Debug/Obj/uart_pca10100/app_util_platform.o
 .debug_info    0x0000000000002ebb      0x135 Output/Debug/Obj/uart_pca10100/nrf_assert.o
 .debug_info    0x0000000000002ff0     0x11b8 Output/Debug/Obj/uart_pca10100/nrf_drv_uart.o
 .debug_info    0x00000000000041a8      0x706 Output/Debug/Obj/uart_pca10100/nrfx_prs.o
 .debug_info    0x00000000000048ae     0x1e3c Output/Debug/Obj/uart_pca10100/nrfx_uart.o
 .debug_info    0x00000000000066ea     0x1f5d Output/Debug/Obj/uart_pca10100/nrfx_uarte.o
 .debug_info    0x0000000000008647      0x4b2 Output/Debug/Obj/uart_pca10100/main.o
 .debug_info    0x0000000000008af9       0x23 Output/Debug/Obj/uart_pca10100/ses_startup_nrf52833.o
 .debug_info    0x0000000000008b1c       0x23 Output/Debug/Obj/uart_pca10100/ses_startup_nrf_common.o
 .debug_info    0x0000000000008b3f     0x38e4 Output/Debug/Obj/uart_pca10100/system_nrf52833.o

.debug_abbrev   0x0000000000000000     0x1c10
 .debug_abbrev  0x0000000000000000       0x12 Output/Debug/Obj/uart_pca10100/thumb_crt0.o
 .debug_abbrev  0x0000000000000012      0x269 Output/Debug/Obj/uart_pca10100/boards.o
 .debug_abbrev  0x000000000000027b      0x13f Output/Debug/Obj/uart_pca10100/app_error.o
 .debug_abbrev  0x00000000000003ba       0xa5 Output/Debug/Obj/uart_pca10100/app_error_handler_gcc.o
 .debug_abbrev  0x000000000000045f      0x159 Output/Debug/Obj/uart_pca10100/app_error_weak.o
 .debug_abbrev  0x00000000000005b8      0x142 Output/Debug/Obj/uart_pca10100/app_fifo.o
 .debug_abbrev  0x00000000000006fa      0x2bb Output/Debug/Obj/uart_pca10100/app_uart_fifo.o
 .debug_abbrev  0x00000000000009b5      0x275 Output/Debug/Obj/uart_pca10100/app_util_platform.o
 .debug_abbrev  0x0000000000000c2a       0xd6 Output/Debug/Obj/uart_pca10100/nrf_assert.o
 .debug_abbrev  0x0000000000000d00      0x205 Output/Debug/Obj/uart_pca10100/nrf_drv_uart.o
 .debug_abbrev  0x0000000000000f05      0x1e3 Output/Debug/Obj/uart_pca10100/nrfx_prs.o
 .debug_abbrev  0x00000000000010e8      0x3ac Output/Debug/Obj/uart_pca10100/nrfx_uart.o
 .debug_abbrev  0x0000000000001494      0x374 Output/Debug/Obj/uart_pca10100/nrfx_uarte.o
 .debug_abbrev  0x0000000000001808      0x18e Output/Debug/Obj/uart_pca10100/main.o
 .debug_abbrev  0x0000000000001996       0x14 Output/Debug/Obj/uart_pca10100/ses_startup_nrf52833.o
 .debug_abbrev  0x00000000000019aa       0x14 Output/Debug/Obj/uart_pca10100/ses_startup_nrf_common.o
 .debug_abbrev  0x00000000000019be      0x252 Output/Debug/Obj/uart_pca10100/system_nrf52833.o

.debug_aranges  0x0000000000000000     0x13e0
 .debug_aranges
                0x0000000000000000       0x58 Output/Debug/Obj/uart_pca10100/thumb_crt0.o
 .debug_aranges
                0x0000000000000058      0x100 Output/Debug/Obj/uart_pca10100/boards.o
 .debug_aranges
                0x0000000000000158       0x28 Output/Debug/Obj/uart_pca10100/app_error.o
 .debug_aranges
                0x0000000000000180       0x20 Output/Debug/Obj/uart_pca10100/app_error_handler_gcc.o
 .debug_aranges
                0x00000000000001a0       0x20 Output/Debug/Obj/uart_pca10100/app_error_weak.o
 .debug_aranges
                0x00000000000001c0       0x70 Output/Debug/Obj/uart_pca10100/app_fifo.o
 .debug_aranges
                0x0000000000000230       0x70 Output/Debug/Obj/uart_pca10100/app_uart_fifo.o
 .debug_aranges
                0x00000000000002a0       0x50 Output/Debug/Obj/uart_pca10100/app_util_platform.o
 .debug_aranges
                0x00000000000002f0       0x20 Output/Debug/Obj/uart_pca10100/nrf_assert.o
 .debug_aranges
                0x0000000000000310       0x30 Output/Debug/Obj/uart_pca10100/nrf_drv_uart.o
 .debug_aranges
                0x0000000000000340       0x38 Output/Debug/Obj/uart_pca10100/nrfx_prs.o
 .debug_aranges
                0x0000000000000378      0x1f0 Output/Debug/Obj/uart_pca10100/nrfx_uart.o
 .debug_aranges
                0x0000000000000568      0x1e0 Output/Debug/Obj/uart_pca10100/nrfx_uarte.o
 .debug_aranges
                0x0000000000000748       0x28 Output/Debug/Obj/uart_pca10100/main.o
 .debug_aranges
                0x0000000000000770       0x20 Output/Debug/Obj/uart_pca10100/ses_startup_nrf52833.o
 .debug_aranges
                0x0000000000000790       0x20 Output/Debug/Obj/uart_pca10100/ses_startup_nrf_common.o
 .debug_aranges
                0x00000000000007b0      0xc30 Output/Debug/Obj/uart_pca10100/system_nrf52833.o

.debug_str      0x0000000000000000    0x9bfd6
 .debug_str     0x0000000000000000       0xbc Output/Debug/Obj/uart_pca10100/thumb_crt0.o
 .debug_str     0x00000000000000bc    0x8b434 Output/Debug/Obj/uart_pca10100/boards.o
                                      0x8c3c4 (size before relaxing)
 .debug_str     0x000000000008b4f0      0x142 Output/Debug/Obj/uart_pca10100/app_error.o
                                      0x7e03f (size before relaxing)
 .debug_str     0x000000000008b632      0x5a1 Output/Debug/Obj/uart_pca10100/app_error_handler_gcc.o
                                      0x880c6 (size before relaxing)
 .debug_str     0x000000000008bbd3     0x2b23 Output/Debug/Obj/uart_pca10100/app_error_weak.o
                                      0x8aee2 (size before relaxing)
 .debug_str     0x000000000008e6f6      0x202 Output/Debug/Obj/uart_pca10100/app_fifo.o
                                      0x87d7e (size before relaxing)
 .debug_str     0x000000000008e8f8     0x16d5 Output/Debug/Obj/uart_pca10100/app_uart_fifo.o
                                      0x8c98a (size before relaxing)
 .debug_str     0x000000000008ffcd      0x3ee Output/Debug/Obj/uart_pca10100/app_util_platform.o
                                      0x7e893 (size before relaxing)
 .debug_str     0x00000000000903bb       0x65 Output/Debug/Obj/uart_pca10100/nrf_assert.o
                                      0x7e053 (size before relaxing)
 .debug_str     0x0000000000090420      0x4c9 Output/Debug/Obj/uart_pca10100/nrf_drv_uart.o
                                      0x8c097 (size before relaxing)
 .debug_str     0x00000000000908e9      0x635 Output/Debug/Obj/uart_pca10100/nrfx_prs.o
                                      0x8dfb6 (size before relaxing)
 .debug_str     0x0000000000090f1e      0x73a Output/Debug/Obj/uart_pca10100/nrfx_uart.o
                                      0x8f1c7 (size before relaxing)
 .debug_str     0x0000000000091658      0x91a Output/Debug/Obj/uart_pca10100/nrfx_uarte.o
                                      0x8f659 (size before relaxing)
 .debug_str     0x0000000000091f72      0x3d1 Output/Debug/Obj/uart_pca10100/main.o
                                      0x8c930 (size before relaxing)
 .debug_str     0x0000000000092343       0x66 Output/Debug/Obj/uart_pca10100/ses_startup_nrf52833.o
                                         0xde (size before relaxing)
 .debug_str     0x00000000000923a9       0x68 Output/Debug/Obj/uart_pca10100/ses_startup_nrf_common.o
                                         0xe0 (size before relaxing)
 .debug_str     0x0000000000092411     0x9bc5 Output/Debug/Obj/uart_pca10100/system_nrf52833.o
                                      0x8747a (size before relaxing)

.debug_ranges   0x0000000000000000     0x12b8
 .debug_ranges  0x0000000000000000       0x50 Output/Debug/Obj/uart_pca10100/thumb_crt0.o
 .debug_ranges  0x0000000000000050       0xf0 Output/Debug/Obj/uart_pca10100/boards.o
 .debug_ranges  0x0000000000000140       0x18 Output/Debug/Obj/uart_pca10100/app_error.o
 .debug_ranges  0x0000000000000158       0x10 Output/Debug/Obj/uart_pca10100/app_error_handler_gcc.o
 .debug_ranges  0x0000000000000168       0x10 Output/Debug/Obj/uart_pca10100/app_error_weak.o
 .debug_ranges  0x0000000000000178       0x60 Output/Debug/Obj/uart_pca10100/app_fifo.o
 .debug_ranges  0x00000000000001d8       0x60 Output/Debug/Obj/uart_pca10100/app_uart_fifo.o
 .debug_ranges  0x0000000000000238       0x40 Output/Debug/Obj/uart_pca10100/app_util_platform.o
 .debug_ranges  0x0000000000000278       0x10 Output/Debug/Obj/uart_pca10100/nrf_assert.o
 .debug_ranges  0x0000000000000288       0x20 Output/Debug/Obj/uart_pca10100/nrf_drv_uart.o
 .debug_ranges  0x00000000000002a8       0x28 Output/Debug/Obj/uart_pca10100/nrfx_prs.o
 .debug_ranges  0x00000000000002d0      0x1e0 Output/Debug/Obj/uart_pca10100/nrfx_uart.o
 .debug_ranges  0x00000000000004b0      0x1d0 Output/Debug/Obj/uart_pca10100/nrfx_uarte.o
 .debug_ranges  0x0000000000000680       0x18 Output/Debug/Obj/uart_pca10100/main.o
 .debug_ranges  0x0000000000000698      0xc20 Output/Debug/Obj/uart_pca10100/system_nrf52833.o

.debug_frame    0x0000000000000000     0x35fc
 .debug_frame   0x0000000000000000      0x460 Output/Debug/Obj/uart_pca10100/boards.o
 .debug_frame   0x0000000000000460       0x58 Output/Debug/Obj/uart_pca10100/app_error.o
 .debug_frame   0x00000000000004b8       0x20 Output/Debug/Obj/uart_pca10100/app_error_handler_gcc.o
 .debug_frame   0x00000000000004d8       0x38 Output/Debug/Obj/uart_pca10100/app_error_weak.o
 .debug_frame   0x0000000000000510      0x1a4 Output/Debug/Obj/uart_pca10100/app_fifo.o
 .debug_frame   0x00000000000006b4      0x1b8 Output/Debug/Obj/uart_pca10100/app_uart_fifo.o
 .debug_frame   0x000000000000086c       0xe8 Output/Debug/Obj/uart_pca10100/app_util_platform.o
 .debug_frame   0x0000000000000954       0x38 Output/Debug/Obj/uart_pca10100/nrf_assert.o
 .debug_frame   0x000000000000098c       0x8c Output/Debug/Obj/uart_pca10100/nrf_drv_uart.o
 .debug_frame   0x0000000000000a18       0x9c Output/Debug/Obj/uart_pca10100/nrfx_prs.o
 .debug_frame   0x0000000000000ab4      0x870 Output/Debug/Obj/uart_pca10100/nrfx_uart.o
 .debug_frame   0x0000000000001324      0x7fc Output/Debug/Obj/uart_pca10100/nrfx_uarte.o
 .debug_frame   0x0000000000001b20       0x5c Output/Debug/Obj/uart_pca10100/main.o
 .debug_frame   0x0000000000001b7c     0x1a80 Output/Debug/Obj/uart_pca10100/system_nrf52833.o

.debug_pubnames
                0x0000000000000000     0x4be6
 .debug_pubnames
                0x0000000000000000      0x4f4 Output/Debug/Obj/uart_pca10100/boards.o
 .debug_pubnames
                0x00000000000004f4       0x88 Output/Debug/Obj/uart_pca10100/app_error.o
 .debug_pubnames
                0x000000000000057c       0x44 Output/Debug/Obj/uart_pca10100/app_error_handler_gcc.o
 .debug_pubnames
                0x00000000000005c0      0x101 Output/Debug/Obj/uart_pca10100/app_error_weak.o
 .debug_pubnames
                0x00000000000006c1       0xc8 Output/Debug/Obj/uart_pca10100/app_fifo.o
 .debug_pubnames
                0x0000000000000789      0x4da Output/Debug/Obj/uart_pca10100/app_uart_fifo.o
 .debug_pubnames
                0x0000000000000c63      0x23b Output/Debug/Obj/uart_pca10100/app_util_platform.o
 .debug_pubnames
                0x0000000000000e9e       0x46 Output/Debug/Obj/uart_pca10100/nrf_assert.o
 .debug_pubnames
                0x0000000000000ee4       0xf2 Output/Debug/Obj/uart_pca10100/nrf_drv_uart.o
 .debug_pubnames
                0x0000000000000fd6      0x17a Output/Debug/Obj/uart_pca10100/nrfx_prs.o
 .debug_pubnames
                0x0000000000001150      0xb06 Output/Debug/Obj/uart_pca10100/nrfx_uart.o
 .debug_pubnames
                0x0000000000001c56      0xcb6 Output/Debug/Obj/uart_pca10100/nrfx_uarte.o
 .debug_pubnames
                0x000000000000290c      0x405 Output/Debug/Obj/uart_pca10100/main.o
 .debug_pubnames
                0x0000000000002d11     0x1ed5 Output/Debug/Obj/uart_pca10100/system_nrf52833.o

.debug_pubtypes
                0x0000000000000000     0x1b65
 .debug_pubtypes
                0x0000000000000000      0x187 Output/Debug/Obj/uart_pca10100/boards.o
 .debug_pubtypes
                0x0000000000000187      0x120 Output/Debug/Obj/uart_pca10100/app_error.o
 .debug_pubtypes
                0x00000000000002a7       0xf3 Output/Debug/Obj/uart_pca10100/app_error_handler_gcc.o
 .debug_pubtypes
                0x000000000000039a      0x124 Output/Debug/Obj/uart_pca10100/app_error_weak.o
 .debug_pubtypes
                0x00000000000004be      0x100 Output/Debug/Obj/uart_pca10100/app_fifo.o
 .debug_pubtypes
                0x00000000000005be      0x36d Output/Debug/Obj/uart_pca10100/app_uart_fifo.o
 .debug_pubtypes
                0x000000000000092b      0x126 Output/Debug/Obj/uart_pca10100/app_util_platform.o
 .debug_pubtypes
                0x0000000000000a51      0x103 Output/Debug/Obj/uart_pca10100/nrf_assert.o
 .debug_pubtypes
                0x0000000000000b54      0x41d Output/Debug/Obj/uart_pca10100/nrf_drv_uart.o
 .debug_pubtypes
                0x0000000000000f71      0x18b Output/Debug/Obj/uart_pca10100/nrfx_prs.o
 .debug_pubtypes
                0x00000000000010fc      0x361 Output/Debug/Obj/uart_pca10100/nrfx_uart.o
 .debug_pubtypes
                0x000000000000145d      0x396 Output/Debug/Obj/uart_pca10100/nrfx_uarte.o
 .debug_pubtypes
                0x00000000000017f3      0x19b Output/Debug/Obj/uart_pca10100/main.o
 .debug_pubtypes
                0x000000000000198e      0x1d7 Output/Debug/Obj/uart_pca10100/system_nrf52833.o

.debug_macro    0x0000000000000000     0x4f83
 .debug_macro   0x0000000000000000      0x24c Output/Debug/Obj/uart_pca10100/boards.o
 .debug_macro   0x000000000000024c       0x22 Output/Debug/Obj/uart_pca10100/boards.o
 .debug_macro   0x000000000000026e       0xfb Output/Debug/Obj/uart_pca10100/boards.o
 .debug_macro   0x0000000000000369       0x40 Output/Debug/Obj/uart_pca10100/boards.o
 .debug_macro   0x00000000000003a9      0x454 Output/Debug/Obj/uart_pca10100/boards.o
 .debug_macro   0x00000000000007fd       0x59 Output/Debug/Obj/uart_pca10100/boards.o
 .debug_macro   0x0000000000000856      0x145 Output/Debug/Obj/uart_pca10100/boards.o
 .debug_macro   0x000000000000099b      0x147 Output/Debug/Obj/uart_pca10100/boards.o
 .debug_macro   0x0000000000000ae2       0x3f Output/Debug/Obj/uart_pca10100/boards.o
 .debug_macro   0x0000000000000b21       0x58 Output/Debug/Obj/uart_pca10100/boards.o
 .debug_macro   0x0000000000000b79       0x49 Output/Debug/Obj/uart_pca10100/boards.o
 .debug_macro   0x0000000000000bc2       0x8c Output/Debug/Obj/uart_pca10100/boards.o
 .debug_macro   0x0000000000000c4e       0x19 Output/Debug/Obj/uart_pca10100/boards.o
 .debug_macro   0x0000000000000c67       0x1d Output/Debug/Obj/uart_pca10100/boards.o
 .debug_macro   0x0000000000000c84       0x35 Output/Debug/Obj/uart_pca10100/boards.o
 .debug_macro   0x0000000000000cb9       0x7b Output/Debug/Obj/uart_pca10100/boards.o
 .debug_macro   0x0000000000000d34       0x64 Output/Debug/Obj/uart_pca10100/boards.o
 .debug_macro   0x0000000000000d98       0x20 Output/Debug/Obj/uart_pca10100/boards.o
 .debug_macro   0x0000000000000db8       0x1c Output/Debug/Obj/uart_pca10100/boards.o
 .debug_macro   0x0000000000000dd4      0x1df Output/Debug/Obj/uart_pca10100/boards.o
 .debug_macro   0x0000000000000fb3      0x16d Output/Debug/Obj/uart_pca10100/boards.o
 .debug_macro   0x0000000000001120      0x12a Output/Debug/Obj/uart_pca10100/app_error.o
 .debug_macro   0x000000000000124a       0x64 Output/Debug/Obj/uart_pca10100/app_error.o
 .debug_macro   0x00000000000012ae      0x183 Output/Debug/Obj/uart_pca10100/app_error_handler_gcc.o
 .debug_macro   0x0000000000001431      0x229 Output/Debug/Obj/uart_pca10100/app_error_weak.o
 .debug_macro   0x000000000000165a       0x31 Output/Debug/Obj/uart_pca10100/app_error_weak.o
 .debug_macro   0x000000000000168b       0x16 Output/Debug/Obj/uart_pca10100/app_error_weak.o
 .debug_macro   0x00000000000016a1       0x55 Output/Debug/Obj/uart_pca10100/app_error_weak.o
 .debug_macro   0x00000000000016f6      0x17f Output/Debug/Obj/uart_pca10100/app_error_weak.o
 .debug_macro   0x0000000000001875       0x9a Output/Debug/Obj/uart_pca10100/app_error_weak.o
 .debug_macro   0x000000000000190f       0x28 Output/Debug/Obj/uart_pca10100/app_error_weak.o
 .debug_macro   0x0000000000001937       0x23 Output/Debug/Obj/uart_pca10100/app_error_weak.o
 .debug_macro   0x000000000000195a       0x1c Output/Debug/Obj/uart_pca10100/app_error_weak.o
 .debug_macro   0x0000000000001976      0x17a Output/Debug/Obj/uart_pca10100/app_fifo.o
 .debug_macro   0x0000000000001af0       0x28 Output/Debug/Obj/uart_pca10100/app_fifo.o
 .debug_macro   0x0000000000001b18      0x2c5 Output/Debug/Obj/uart_pca10100/app_uart_fifo.o
 .debug_macro   0x0000000000001ddd       0x18 Output/Debug/Obj/uart_pca10100/app_uart_fifo.o
 .debug_macro   0x0000000000001df5       0x22 Output/Debug/Obj/uart_pca10100/app_uart_fifo.o
 .debug_macro   0x0000000000001e17       0x10 Output/Debug/Obj/uart_pca10100/app_uart_fifo.o
 .debug_macro   0x0000000000001e27       0x10 Output/Debug/Obj/uart_pca10100/app_uart_fifo.o
 .debug_macro   0x0000000000001e37       0x10 Output/Debug/Obj/uart_pca10100/app_uart_fifo.o
 .debug_macro   0x0000000000001e47       0x10 Output/Debug/Obj/uart_pca10100/app_uart_fifo.o
 .debug_macro   0x0000000000001e57       0x10 Output/Debug/Obj/uart_pca10100/app_uart_fifo.o
 .debug_macro   0x0000000000001e67       0x3f Output/Debug/Obj/uart_pca10100/app_uart_fifo.o
 .debug_macro   0x0000000000001ea6      0x146 Output/Debug/Obj/uart_pca10100/app_util_platform.o
 .debug_macro   0x0000000000001fec      0x139 Output/Debug/Obj/uart_pca10100/nrf_assert.o
 .debug_macro   0x0000000000002125       0x10 Output/Debug/Obj/uart_pca10100/nrf_assert.o
 .debug_macro   0x0000000000002135      0x275 Output/Debug/Obj/uart_pca10100/nrf_drv_uart.o
 .debug_macro   0x00000000000023aa      0x2cb Output/Debug/Obj/uart_pca10100/nrfx_prs.o
 .debug_macro   0x0000000000002675       0x28 Output/Debug/Obj/uart_pca10100/nrfx_prs.o
 .debug_macro   0x000000000000269d       0x1c Output/Debug/Obj/uart_pca10100/nrfx_prs.o
 .debug_macro   0x00000000000026b9       0x37 Output/Debug/Obj/uart_pca10100/nrfx_prs.o
 .debug_macro   0x00000000000026f0       0x10 Output/Debug/Obj/uart_pca10100/nrfx_prs.o