2024-05-08 16:52:03,575 [INFO] Activator:176 - 


2024-05-08 16:52:03,579 [INFO] Activator:177 - !SESSION log4j initialized
2024-05-08 16:52:07,697 [INFO] LogOutputStream:77 - [STDOUT_REDIRECT] 
2024-05-08 16:52:12,223 [INFO] ApplicationProperties:184 - Using Application install path: C:\ST\STM32CubeIDE_1.13.2\STM32CubeIDE\plugins\com.st.stm32cube.common.mx_6.9.2.202309101412
2024-05-08 16:52:12,270 [INFO] DbMcusXml:78 - Set database path to: C:\ST\STM32CubeIDE_1.13.2\STM32CubeIDE\plugins\com.st.stm32cube.common.mx_6.9.2.202309101412\\db\/mcu/
2024-05-08 16:52:12,270 [INFO] ApiDb:274 - Set plugin database path to: C:\ST\STM32CubeIDE_1.13.2\STM32CubeIDE\plugins\com.st.stm32cube.common.mx_6.9.2.202309101412\\db\/plugins/boardmanager/
2024-05-08 16:52:12,270 [WARN] ApiDb:259 - Overriding images path with different value:  => C:\ST\STM32CubeIDE_1.13.2\STM32CubeIDE\plugins\com.st.stm32cube.common.mx_6.9.2.202309101412\\db\/plugins/mcufinder/images/
2024-05-08 16:52:12,286 [INFO] ApiDb:250 - Set database path to: C:\Users\navee\.stmcufinder\plugins\mcufinder//mcu/
2024-05-08 16:52:12,286 [INFO] DbMcusAds:125 - Set database path to: C:\Users\navee\.stmcufinder\plugins\mcufinder//mcu/
2024-05-08 16:52:12,286 [INFO] CrossReferenceDbSqlite:203 - Set database path to: C:\Users\navee\.stmcufinder\plugins\mcufinder//mcu/cs/
2024-05-08 16:52:12,474 [INFO] RulesReader:64 - Compatibility file has been processed (293 Rules)
2024-05-08 16:52:12,599 [INFO] DbMcusXml:78 - Set database path to: C:\ST\STM32CubeIDE_1.13.2\STM32CubeIDE\plugins\com.st.stm32cube.common.mx_6.9.2.202309101412\\db\/mcu/
2024-05-08 16:52:12,599 [INFO] ApiDb:274 - Set plugin database path to: C:\ST\STM32CubeIDE_1.13.2\STM32CubeIDE\plugins\com.st.stm32cube.common.mx_6.9.2.202309101412\\db\/plugins/boardmanager/
2024-05-08 16:52:12,599 [INFO] ApiDb:261 - Set plugin images path to: C:\ST\STM32CubeIDE_1.13.2\STM32CubeIDE\plugins\com.st.stm32cube.common.mx_6.9.2.202309101412\\db\/plugins/mcufinder/images/
2024-05-08 16:52:12,599 [WARN] DbFile:41 - Overriding database path with different value: C:\Users\navee\.stmcufinder\plugins\mcufinder/ => C:\Users\navee\.stmcufinder\plugins\mcufinder
2024-05-08 16:52:12,599 [INFO] ApiDb:250 - Set database path to: C:\Users\navee\.stmcufinder\plugins\mcufinder//mcu/
2024-05-08 16:52:12,599 [WARN] DbFile:41 - Overriding database path with different value: C:\Users\navee\.stmcufinder\plugins\mcufinder/ => C:\Users\navee\.stmcufinder\plugins\mcufinder
2024-05-08 16:52:12,599 [INFO] DbMcusAds:125 - Set database path to: C:\Users\navee\.stmcufinder\plugins\mcufinder//mcu/
2024-05-08 16:52:12,599 [WARN] DbFile:41 - Overriding database path with different value: C:\Users\navee\.stmcufinder\plugins\mcufinder/ => C:\Users\navee\.stmcufinder\plugins\mcufinder
2024-05-08 16:52:12,599 [WARN] DbFile:41 - Overriding database path with different value: C:\Users\navee\.stmcufinder\plugins\mcufinder/ => C:\Users\navee\.stmcufinder\plugins\mcufinder
2024-05-08 16:52:12,599 [INFO] CrossReferenceDbSqlite:203 - Set database path to: C:\Users\navee\.stmcufinder\plugins\mcufinder//mcu/cs/
2024-05-08 16:52:12,725 [INFO] MainPanel:262 - HeapMemory: 268435456
2024-05-08 16:52:12,850 [INFO] DbMcusXml:78 - Set database path to: C:\ST\STM32CubeIDE_1.13.2\STM32CubeIDE\plugins\com.st.stm32cube.common.mx_6.9.2.202309101412\\db\/mcu/
2024-05-08 16:52:12,850 [INFO] ApiDb:274 - Set plugin database path to: C:\ST\STM32CubeIDE_1.13.2\STM32CubeIDE\plugins\com.st.stm32cube.common.mx_6.9.2.202309101412\\db\/plugins/boardmanager/
2024-05-08 16:52:12,850 [INFO] ApiDb:261 - Set plugin images path to: C:\ST\STM32CubeIDE_1.13.2\STM32CubeIDE\plugins\com.st.stm32cube.common.mx_6.9.2.202309101412\\db\/plugins/mcufinder/images/
2024-05-08 16:52:12,850 [WARN] DbFile:41 - Overriding database path with different value: C:\Users\navee\.stmcufinder\plugins\mcufinder/ => C:\Users\navee\.stmcufinder\plugins\mcufinder
2024-05-08 16:52:12,850 [INFO] ApiDb:250 - Set database path to: C:\Users\navee\.stmcufinder\plugins\mcufinder//mcu/
2024-05-08 16:52:12,850 [WARN] DbFile:41 - Overriding database path with different value: C:\Users\navee\.stmcufinder\plugins\mcufinder/ => C:\Users\navee\.stmcufinder\plugins\mcufinder
2024-05-08 16:52:12,850 [INFO] DbMcusAds:125 - Set database path to: C:\Users\navee\.stmcufinder\plugins\mcufinder//mcu/
2024-05-08 16:52:12,850 [WARN] DbFile:41 - Overriding database path with different value: C:\Users\navee\.stmcufinder\plugins\mcufinder/ => C:\Users\navee\.stmcufinder\plugins\mcufinder
2024-05-08 16:52:12,850 [WARN] DbFile:41 - Overriding database path with different value: C:\Users\navee\.stmcufinder\plugins\mcufinder/ => C:\Users\navee\.stmcufinder\plugins\mcufinder
2024-05-08 16:52:12,850 [INFO] CrossReferenceDbSqlite:203 - Set database path to: C:\Users\navee\.stmcufinder\plugins\mcufinder//mcu/cs/
2024-05-08 16:52:12,882 [INFO] ApplicationProperties:184 - Using Application install path: C:\ST\STM32CubeIDE_1.13.2\STM32CubeIDE\plugins\com.st.stm32cube.common.mx_6.9.2.202309101412
2024-05-08 16:52:12,882 [INFO] PluginManage:196 - Search for loadable plugins [exclusion list=, ]
2024-05-08 16:52:12,882 [INFO] PluginManage:310 - Check plugin analytics
2024-05-08 16:52:13,180 [INFO] AnalyticsPlugin:253 - Accepted Software Licenses: 
2024-05-08 16:52:13,180 [INFO] AnalyticsPlugin:255 - Accepted CMSIS Pack Licenses: 
2024-05-08 16:52:13,180 [INFO] AnalyticsPlugin:257 - Accepted Firmware Licenses: FW.G0.1.6.0
2024-05-08 16:52:13,196 [INFO] PluginManage:359 - Loaded plugin analytics (category:tool,tabindex:-1)
2024-05-08 16:52:13,196 [INFO] PluginManage:310 - Check plugin cadmodel
2024-05-08 16:52:13,227 [INFO] CADModel:105 - Init CAD model plugin
2024-05-08 16:52:13,227 [INFO] PluginManage:359 - Loaded plugin cadmodel (category:power,tabindex:5)
2024-05-08 16:52:13,227 [INFO] PluginManage:310 - Check plugin clock
2024-05-08 16:52:13,263 [INFO] PluginManage:359 - Loaded plugin clock (category:base,tabindex:2)
2024-05-08 16:52:13,263 [INFO] PluginManage:310 - Check plugin ddr
2024-05-08 16:52:13,263 [INFO] PluginManage:359 - Loaded plugin ddr (category:tool,tabindex:6)
2024-05-08 16:52:13,263 [INFO] PluginManage:310 - Check plugin filemanager
2024-05-08 16:52:13,478 [INFO] PluginManage:359 - Loaded plugin filemanager (category:base,tabindex:10)
2024-05-08 16:52:13,478 [INFO] PluginManage:310 - Check plugin ipmanager
2024-05-08 16:52:13,494 [INFO] PluginManage:359 - Loaded plugin ipmanager (category:base,tabindex:5)
2024-05-08 16:52:13,494 [INFO] PluginManage:310 - Check plugin lpbam
2024-05-08 16:52:13,525 [INFO] PluginManage:359 - Loaded plugin lpbam (category:base,tabindex:0)
2024-05-08 16:52:13,525 [INFO] PluginManage:310 - Check plugin memorymap
2024-05-08 16:52:13,563 [INFO] PluginManage:359 - Loaded plugin memorymap (category:base,tabindex:4)
2024-05-08 16:52:13,563 [INFO] PluginManage:310 - Check plugin pinoutandconfiguration
2024-05-08 16:52:13,588 [INFO] PluginManage:359 - Loaded plugin pinoutandconfiguration (category:base,tabindex:1)
2024-05-08 16:52:13,588 [INFO] PluginManage:310 - Check plugin pinoutconfig
2024-05-08 16:52:13,729 [WARN] SupportedApi:132 - Cannot load RTOS API schema: s4s-elt-must-match.1: The content of 'definitions' must match (annotation?, (simpleType | complexType)?, (unique | key | keyref)*)). A problem was found starting at: attribute.
2024-05-08 16:52:14,042 [INFO] PluginManage:359 - Loaded plugin pinoutconfig (category:base,tabindex:0)
2024-05-08 16:52:14,042 [INFO] PluginManage:310 - Check plugin power
2024-05-08 16:52:14,278 [INFO] PluginManage:359 - Loaded plugin power (category:power,tabindex:4)
2024-05-08 16:52:14,278 [INFO] PluginManage:310 - Check plugin projectmanager
2024-05-08 16:52:14,309 [INFO] PluginManage:359 - Loaded plugin projectmanager (category:projectmanager,tabindex:3)
2024-05-08 16:52:14,309 [INFO] PluginManage:310 - Check plugin thirdparty
2024-05-08 16:52:14,766 [INFO] PluginManage:359 - Loaded plugin thirdparty (category:base,tabindex:-1)
2024-05-08 16:52:14,766 [INFO] PluginManage:310 - Check plugin tools
2024-05-08 16:52:14,766 [WARN] IntegrityCheckThread:84 - waiting for thirdparty lock release [integrity check]
2024-05-08 16:52:14,766 [INFO] IntegrityCheckThread:86 - entering critical section [integrity check]
2024-05-08 16:52:14,766 [INFO] ThirdPartyUpdaterWithRetryManager:70 - Updater plugin not ready yet. [1/15]
2024-05-08 16:52:14,812 [INFO] PluginManage:359 - Loaded plugin tools (category:base,tabindex:7)
2024-05-08 16:52:14,812 [INFO] PluginManage:310 - Check plugin tutovideos
2024-05-08 16:52:15,066 [INFO] PluginManage:359 - Loaded plugin tutovideos (category:base,tabindex:-1)
2024-05-08 16:52:15,066 [INFO] PluginManage:310 - Check plugin updater
2024-05-08 16:52:15,079 [INFO] PluginManage:359 - Loaded plugin updater (category:base,tabindex:12)
2024-05-08 16:52:15,079 [INFO] PluginManage:310 - Check plugin userauth
2024-05-08 16:52:15,094 [INFO] UserAuth:113 - Init User Auth plugin
2024-05-08 16:52:15,094 [INFO] PluginManage:359 - Loaded plugin userauth (category:base,tabindex:14)
2024-05-08 16:52:15,094 [INFO] PluginManage:283 - PluginManage : Loaded plugins [17]
2024-05-08 16:52:15,416 [INFO] PinOutPanel:1499 - setPackage(No Configuration,No Configuration)
2024-05-08 16:52:15,595 [INFO] CADModel:165 - CPN selected for project level
2024-05-08 16:52:15,595 [INFO] CADModel:114 - Register for checkConnection events
2024-05-08 16:52:15,627 [INFO] IPUIPlugin:80 - create IPUIPlugin
2024-05-08 16:52:15,627 [INFO] PluginManager:220 - loadIPPluginJar : add adc
2024-05-08 16:52:15,689 [INFO] IPUIPlugin:80 - create IPUIPlugin
2024-05-08 16:52:15,689 [INFO] PluginManager:220 - loadIPPluginJar : add aes
2024-05-08 16:52:15,752 [INFO] IPUIPlugin:80 - create IPUIPlugin
2024-05-08 16:52:15,752 [INFO] PluginManager:220 - loadIPPluginJar : add can
2024-05-08 16:52:15,784 [INFO] IPUIPlugin:80 - create IPUIPlugin
2024-05-08 16:52:15,784 [INFO] PluginManager:220 - loadIPPluginJar : add comp
2024-05-08 16:52:15,925 [INFO] IPUIPlugin:80 - create IPUIPlugin
2024-05-08 16:52:15,925 [INFO] PluginManager:220 - loadIPPluginJar : add cryp
2024-05-08 16:52:16,097 [INFO] IPUIPlugin:80 - create IPUIPlugin
2024-05-08 16:52:16,097 [INFO] PluginManager:220 - loadIPPluginJar : add dfsdm
2024-05-08 16:52:16,129 [INFO] IPUIPlugin:80 - create IPUIPlugin
2024-05-08 16:52:16,144 [INFO] PluginManager:220 - loadIPPluginJar : add dma
2024-05-08 16:52:16,270 [INFO] IPUIPlugin:80 - create IPUIPlugin
2024-05-08 16:52:16,270 [INFO] PluginManager:220 - loadIPPluginJar : add dma3
2024-05-08 16:52:16,317 [INFO] IPUIPlugin:80 - create IPUIPlugin
2024-05-08 16:52:16,317 [INFO] PluginManager:220 - loadIPPluginJar : add fatfs
2024-05-08 16:52:16,411 [INFO] IPUIPlugin:80 - create IPUIPlugin
2024-05-08 16:52:16,411 [INFO] PluginManager:220 - loadIPPluginJar : add fmc
2024-05-08 16:52:16,443 [INFO] IPUIPlugin:80 - create IPUIPlugin
2024-05-08 16:52:16,443 [INFO] PluginManager:220 - loadIPPluginJar : add freertos
2024-05-08 16:52:16,490 [INFO] IPUIPlugin:80 - create IPUIPlugin
2024-05-08 16:52:16,490 [INFO] PluginManager:220 - loadIPPluginJar : add genericplugin
2024-05-08 16:52:16,678 [INFO] IPUIPlugin:80 - create IPUIPlugin
2024-05-08 16:52:16,678 [INFO] PluginManager:220 - loadIPPluginJar : add gfxmmu
2024-05-08 16:52:16,882 [INFO] IPUIPlugin:80 - create IPUIPlugin
2024-05-08 16:52:16,882 [INFO] PluginManager:220 - loadIPPluginJar : add gic
2024-05-08 16:52:16,898 [INFO] IPUIPlugin:80 - create IPUIPlugin
2024-05-08 16:52:16,898 [INFO] PluginManager:220 - loadIPPluginJar : add gpio
2024-05-08 16:52:17,039 [INFO] IPUIPlugin:80 - create IPUIPlugin
2024-05-08 16:52:17,039 [INFO] PluginManager:220 - loadIPPluginJar : add gtzc
2024-05-08 16:52:17,088 [INFO] IPUIPlugin:80 - create IPUIPlugin
2024-05-08 16:52:17,088 [INFO] PluginManager:220 - loadIPPluginJar : add hash
2024-05-08 16:52:17,171 [INFO] IPUIPlugin:80 - create IPUIPlugin
2024-05-08 16:52:17,171 [INFO] PluginManager:220 - loadIPPluginJar : add i2c
2024-05-08 16:52:17,229 [INFO] IPUIPlugin:80 - create IPUIPlugin
2024-05-08 16:52:17,229 [INFO] PluginManager:220 - loadIPPluginJar : add i2s
2024-05-08 16:52:17,276 [INFO] IPUIPlugin:80 - create IPUIPlugin
2024-05-08 16:52:17,276 [INFO] PluginManager:220 - loadIPPluginJar : add i3c
2024-05-08 16:52:17,401 [INFO] IPUIPlugin:80 - create IPUIPlugin
2024-05-08 16:52:17,401 [INFO] PluginManager:220 - loadIPPluginJar : add ipddr
2024-05-08 16:52:17,511 [INFO] IPUIPlugin:80 - create IPUIPlugin
2024-05-08 16:52:17,511 [INFO] PluginManager:220 - loadIPPluginJar : add linkedlist
2024-05-08 16:52:17,558 [INFO] IPUIPlugin:80 - create IPUIPlugin
2024-05-08 16:52:17,558 [INFO] PluginManager:220 - loadIPPluginJar : add lorawan
2024-05-08 16:52:17,605 [INFO] IPUIPlugin:80 - create IPUIPlugin
2024-05-08 16:52:17,605 [INFO] PluginManager:220 - loadIPPluginJar : add ltdc
2024-05-08 16:52:17,621 [INFO] IPUIPlugin:80 - create IPUIPlugin
2024-05-08 16:52:17,621 [INFO] PluginManager:220 - loadIPPluginJar : add mdma
2024-05-08 16:52:17,636 [INFO] IPUIPlugin:80 - create IPUIPlugin
2024-05-08 16:52:17,636 [INFO] PluginManager:220 - loadIPPluginJar : add nvic
2024-05-08 16:52:17,684 [INFO] IPUIPlugin:80 - create IPUIPlugin
2024-05-08 16:52:17,684 [INFO] PluginManager:220 - loadIPPluginJar : add opamp
2024-05-08 16:52:17,762 [INFO] IPUIPlugin:80 - create IPUIPlugin
2024-05-08 16:52:17,762 [INFO] PluginManager:220 - loadIPPluginJar : add openamp
2024-05-08 16:52:17,778 [INFO] ThirdPartyUpdaterWithRetryManager:70 - Updater plugin not ready yet. [2/15]
2024-05-08 16:52:17,825 [INFO] IPUIPlugin:80 - create IPUIPlugin
2024-05-08 16:52:17,825 [INFO] PluginManager:220 - loadIPPluginJar : add pdm2pcm
2024-05-08 16:52:17,840 [INFO] IPUIPlugin:80 - create IPUIPlugin
2024-05-08 16:52:17,840 [INFO] PluginManager:220 - loadIPPluginJar : add plateformsettings
2024-05-08 16:52:17,872 [INFO] IPUIPlugin:80 - create IPUIPlugin
2024-05-08 16:52:17,872 [INFO] PluginManager:220 - loadIPPluginJar : add quadspi
2024-05-08 16:52:17,888 [INFO] IPUIPlugin:80 - create IPUIPlugin
2024-05-08 16:52:17,888 [INFO] PluginManager:220 - loadIPPluginJar : add resmgrutility
2024-05-08 16:52:17,950 [INFO] IPUIPlugin:80 - create IPUIPlugin
2024-05-08 16:52:17,950 [INFO] PluginManager:220 - loadIPPluginJar : add sai
2024-05-08 16:52:17,998 [INFO] IPUIPlugin:80 - create IPUIPlugin
2024-05-08 16:52:17,998 [INFO] PluginManager:220 - loadIPPluginJar : add spi
2024-05-08 16:52:18,073 [INFO] IPUIPlugin:80 - create IPUIPlugin
2024-05-08 16:52:18,073 [INFO] PluginManager:220 - loadIPPluginJar : add stm32_wpan
2024-05-08 16:52:18,092 [INFO] IPUIPlugin:80 - create IPUIPlugin
2024-05-08 16:52:18,092 [INFO] PluginManager:220 - loadIPPluginJar : add tim
2024-05-08 16:52:18,170 [INFO] IPUIPlugin:80 - create IPUIPlugin
2024-05-08 16:52:18,170 [INFO] PluginManager:220 - loadIPPluginJar : add touchsensing
2024-05-08 16:52:18,186 [INFO] IPUIPlugin:80 - create IPUIPlugin
2024-05-08 16:52:18,186 [INFO] PluginManager:220 - loadIPPluginJar : add tracer_emb
2024-05-08 16:52:18,233 [INFO] IPUIPlugin:80 - create IPUIPlugin
2024-05-08 16:52:18,233 [INFO] PluginManager:220 - loadIPPluginJar : add ts
2024-05-08 16:52:18,264 [INFO] IPUIPlugin:80 - create IPUIPlugin
2024-05-08 16:52:18,264 [INFO] PluginManager:220 - loadIPPluginJar : add tsc
2024-05-08 16:52:18,311 [INFO] IPUIPlugin:80 - create IPUIPlugin
2024-05-08 16:52:18,311 [INFO] PluginManager:220 - loadIPPluginJar : add ucpd
2024-05-08 16:52:18,406 [INFO] IPUIPlugin:80 - create IPUIPlugin
2024-05-08 16:52:18,406 [INFO] PluginManager:220 - loadIPPluginJar : add usart
2024-05-08 16:52:18,515 [INFO] IPUIPlugin:80 - create IPUIPlugin
2024-05-08 16:52:18,515 [INFO] PluginManager:220 - loadIPPluginJar : add usbx
2024-05-08 16:52:18,731 [INFO] CADModel:165 - CPN selected for project level
2024-05-08 16:52:18,731 [INFO] CADModel:114 - Register for checkConnection events
2024-05-08 16:52:18,731 [FATAL] Updater:308 - Updater called before beeing initialized
2024-05-08 16:52:18,731 [ERROR] CADModel:125 - Updater not yet initialized, retry later 
2024-05-08 16:52:19,071 [INFO] CADModel:165 - CPN selected for project level
2024-05-08 16:52:19,071 [INFO] CADModel:114 - Register for checkConnection events
2024-05-08 16:52:19,071 [FATAL] Updater:308 - Updater called before beeing initialized
2024-05-08 16:52:19,071 [ERROR] CADModel:125 - Updater not yet initialized, retry later 
2024-05-08 16:52:19,074 [FATAL] Updater:308 - Updater called before beeing initialized
2024-05-08 16:52:19,274 [FATAL] Updater:308 - Updater called before beeing initialized
2024-05-08 16:52:19,290 [INFO] DbMcusAds:53 - JSON generation date=Thu May 02 14:07:29 IST 2024 (1714639049318)
2024-05-08 16:52:19,290 [FATAL] Updater:308 - Updater called before beeing initialized
2024-05-08 16:52:19,337 [WARN] DetailPanel:346 - Failed to get advertising image, set to default
2024-05-08 16:52:19,475 [FATAL] Updater:308 - Updater called before beeing initialized
2024-05-08 16:52:19,475 [FATAL] Updater:308 - Updater called before beeing initialized
2024-05-08 16:52:19,475 [FATAL] Updater:308 - Updater called before beeing initialized
2024-05-08 16:52:19,475 [WARN] DetailPanel:346 - Failed to get advertising image, set to default
2024-05-08 16:52:19,478 [FATAL] Updater:308 - Updater called before beeing initialized
2024-05-08 16:52:19,556 [ERROR] Updater:1120 - MainUpdater not yet initialized. External WinMGr cannot be set.
2024-05-08 16:52:19,575 [INFO] Updater:1056 - Updater Version found : 6.9.2
2024-05-08 16:52:19,604 [INFO] ApplicationProperties:184 - Using Application install path: C:\ST\STM32CubeIDE_1.13.2\STM32CubeIDE\plugins\com.st.stm32cube.common.mx_6.9.2.202309101412
2024-05-08 16:52:19,886 [INFO] MainUpdater:2868 - connection check result : 10
2024-05-08 16:52:19,886 [INFO] MainUpdater:285 - Updater Check For Update Now.
2024-05-08 16:52:19,886 [INFO] MicroXplorer:498 - Change Database Version : DB.6.0.92
2024-05-08 16:52:19,916 [INFO] McuFinderGlobals:63 - Set McuFinder mode to 2 (CubeIDE integrated)
2024-05-08 16:52:19,916 [INFO] UserAuth:179 - activating auth plugin
2024-05-08 16:52:19,916 [INFO] UserAuth:393 - Internet connection configuration mode: 1
2024-05-08 16:52:19,976 [INFO] JxBrowserEngine:151 - Initiate JxBrowser Engine with user profile folder
2024-05-08 16:52:20,230 [INFO] CheckServerUpdateThread:120 - End of CheckServer Thread
2024-05-08 16:52:21,479 [WARN] PackLoader:240 - Cannot read IP mode file for STMicroelectronics.FP-SNS-MOTENVWB1.1.4.0
2024-05-08 16:52:21,531 [WARN] PackLoader:240 - Cannot read IP mode file for STMicroelectronics.X-CUBE-SMBUS.2.1.0
2024-05-08 16:52:21,577 [WARN] PackLoader:240 - Cannot read IP mode file for STMicroelectronics.X-CUBE-TOUCHGFX.4.23.1
2024-05-08 16:52:21,594 [WARN] PackLoader:240 - Cannot read IP mode file for STMicroelectronics.X-CUBE-TOUCHGFX.4.23.0
2024-05-08 16:52:21,609 [WARN] PackLoader:240 - Cannot read IP mode file for STMicroelectronics.X-CUBE-TOUCHGFX.4.23.2
2024-05-08 16:52:21,719 [WARN] PackLoader:240 - Cannot read IP mode file for STMicroelectronics.X-CUBE-AZRTOS-F7.1.1.0
2024-05-08 16:52:21,782 [WARN] PackLoader:240 - Cannot read IP mode file for STMicroelectronics.FP-SNS-MOTENV1.4.3.2
2024-05-08 16:52:21,813 [WARN] PackLoader:240 - Cannot read IP mode file for STMicroelectronics.FP-SNS-FLIGHT1.5.0.2
2024-05-08 16:52:21,860 [WARN] PackLoader:240 - Cannot read IP mode file for STMicroelectronics.X-CUBE-DISPLAY.3.0.0
2024-05-08 16:52:21,907 [WARN] PackLoader:240 - Cannot read IP mode file for STMicroelectronics.X-CUBE-BLE1.7.0.0
2024-05-08 16:52:21,954 [WARN] PackLoader:240 - Cannot read IP mode file for emotas.I-CUBE-CANOPEN.1.3.0
2024-05-08 16:52:22,002 [WARN] PackLoader:240 - Cannot read IP mode file for STMicroelectronics.X-CUBE-TOUCHGFX.4.22.1
2024-05-08 16:52:22,048 [WARN] PackLoader:240 - Cannot read IP mode file for STMicroelectronics.X-CUBE-BLEMGR.3.1.0
2024-05-08 16:52:22,096 [WARN] PackLoader:240 - Cannot read IP mode file for STMicroelectronics.FP-SNS-SMARTAG2.1.2.0
2024-05-08 16:52:22,127 [INFO] LogOutputStream:77 - [STDOUT_REDIRECT] 1 : Invalid condition id : UX_CORESTACK_Condition cause : null
2024-05-08 16:52:22,127 [INFO] LogOutputStream:77 - [STDOUT_REDIRECT] 1 : Invalid condition id : UX_CORESTACK_Condition cause : null
2024-05-08 16:52:22,127 [INFO] LogOutputStream:77 - [STDOUT_REDIRECT] 1 : Invalid condition id : UX_CORESTACK_Condition cause : null
2024-05-08 16:52:22,127 [INFO] LogOutputStream:77 - [STDOUT_REDIRECT] 1 : Invalid condition id : UX_CORESTACK_Condition cause : null
2024-05-08 16:52:22,127 [INFO] LogOutputStream:77 - [STDOUT_REDIRECT] 1 : Invalid condition id : UX_CORESTACK_Condition cause : null
2024-05-08 16:52:22,143 [WARN] PackLoader:240 - Cannot read IP mode file for STMicroelectronics.X-CUBE-AZRTOS-WL.2.0.0
2024-05-08 16:52:22,158 [WARN] PackLoader:240 - Cannot read IP mode file for STMicroelectronics.FP-SNS-MOTENV1.5.0.0
2024-05-08 16:52:22,190 [WARN] PackLoader:240 - Cannot read IP mode file for WES.I-CUBE-Cesium.1.3.0
2024-05-08 16:52:22,206 [WARN] PackLoader:240 - Cannot read IP mode file for STMicroelectronics.X-CUBE-BLE2.3.3.0
2024-05-08 16:52:22,221 [WARN] PackLoader:240 - Cannot read IP mode file for STMicroelectronics.X-CUBE-TCPP.4.1.0
2024-05-08 16:52:22,252 [WARN] PackLoader:240 - Cannot read IP mode file for STMicroelectronics.X-CUBE-ALGOBUILD.1.3.0
2024-05-08 16:52:22,410 [WARN] PackLoader:240 - Cannot read IP mode file for STMicroelectronics.X-CUBE-AZRTOS-G0.1.1.0
2024-05-08 16:52:22,519 [WARN] PackLoader:240 - Cannot read IP mode file for STMicroelectronics.X-CUBE-SAFEA1.1.2.2
2024-05-08 16:52:22,551 [WARN] PackLoader:240 - Cannot read IP mode file for STMicroelectronics.X-CUBE-NFC4.3.0.0
2024-05-08 16:52:22,614 [WARN] PackLoader:240 - Cannot read IP mode file for STMicroelectronics.X-CUBE-BLEMGR.3.0.0
2024-05-08 16:52:22,645 [WARN] PackLoader:240 - Cannot read IP mode file for STMicroelectronics.FP-ATR-SIGFOX1.3.2.0
2024-05-08 16:52:22,692 [WARN] PackLoader:240 - Cannot read IP mode file for STMicroelectronics.X-CUBE-EEPRMA1.5.1.0
2024-05-08 16:52:22,786 [WARN] PackLoader:240 - Cannot read IP mode file for SEGGER.I-CUBE-embOS.1.3.1
2024-05-08 16:52:22,927 [WARN] PackLoader:240 - Cannot read IP mode file for STMicroelectronics.X-CUBE-GNSS1.6.0.0
2024-05-08 16:52:22,990 [WARN] PackLoader:240 - Cannot read IP mode file for STMicroelectronics.X-CUBE-AZRTOS-F4.1.1.0
2024-05-08 16:52:23,022 [WARN] PackLoader:240 - Cannot read IP mode file for wolfSSL.I-CUBE-wolfSSL.5.6.3
2024-05-08 16:52:23,053 [WARN] PackLoader:240 - Cannot read IP mode file for STMicroelectronics.X-CUBE-FREERTOS.1.2.0
2024-05-08 16:52:23,131 [WARN] PackLoader:240 - Cannot read IP mode file for STMicroelectronics.X-CUBE-AZRTOS-L5.2.0.0
2024-05-08 16:52:23,163 [WARN] PackLoader:240 - Cannot read IP mode file for STMicroelectronics.X-CUBE-EEPRMA1.4.2.0
2024-05-08 16:52:23,210 [WARN] PackLoader:240 - Cannot read IP mode file for STMicroelectronics.X-CUBE-NFC6.3.1.0
2024-05-08 16:52:23,241 [WARN] PackLoader:240 - Cannot read IP mode file for ITTIA_DB.I-CUBE-ITTIADB.8.8.0
2024-05-08 16:52:23,283 [WARN] PackLoader:240 - Cannot read IP mode file for STMicroelectronics.X-CUBE-BLEMGR.2.0.0
2024-05-08 16:52:23,304 [WARN] PackLoader:240 - Cannot read IP mode file for STMicroelectronics.X-CUBE-AI.9.0.0
2024-05-08 16:52:23,367 [WARN] ConditionMgr:438 - getConditionDescription Invalid condition id : UX DEVICE CLASS RTOS Condition cause : null
2024-05-08 16:52:23,367 [WARN] ConditionMgr:438 - getConditionDescription Invalid condition id : UX DEVICE CLASS RTOS Condition cause : null
2024-05-08 16:52:23,383 [WARN] PackLoader:240 - Cannot read IP mode file for STMicroelectronics.X-CUBE-AZRTOS-H7.3.1.0
2024-05-08 16:52:23,383 [WARN] ConditionMgr:1039 - genDependencies : Invalid condition id : UX DEVICE CLASS RTOS Condition cause : null
2024-05-08 16:52:23,383 [WARN] ConditionMgr:1039 - genDependencies : Invalid condition id : UX DEVICE CLASS RTOS Condition cause : null
2024-05-08 16:52:23,383 [WARN] ConditionMgr:1039 - genDependencies : Invalid condition id : UX DEVICE CLASS RTOS Condition cause : null
2024-05-08 16:52:23,383 [WARN] ConditionMgr:1039 - genDependencies : Invalid condition id : UX DEVICE CLASS RTOS Condition cause : null
2024-05-08 16:52:23,383 [WARN] ConditionMgr:1039 - genDependencies : Invalid condition id : UX DEVICE CLASS RTOS Condition cause : null
2024-05-08 16:52:23,414 [WARN] PackLoader:240 - Cannot read IP mode file for STMicroelectronics.X-CUBE-NFC7.1.0.1
2024-05-08 16:52:23,445 [WARN] PackLoader:240 - Cannot read IP mode file for STMicroelectronics.X-CUBE-NFC6.3.0.0
2024-05-08 16:52:23,476 [WARN] PackLoader:240 - Cannot read IP mode file for STMicroelectronics.X-CUBE-EEPRMA1.4.1.0
2024-05-08 16:52:23,493 [WARN] PackLoader:240 - Cannot read IP mode file for STMicroelectronics.X-CUBE-AI.8.1.0
2024-05-08 16:52:23,555 [WARN] ConditionMgr:438 - getConditionDescription Invalid condition id : LAN8742 Phy interface Condition cause : null
2024-05-08 16:52:23,555 [WARN] PackLoader:240 - Cannot read IP mode file for STMicroelectronics.X-CUBE-AZRTOS-L4.2.0.0
2024-05-08 16:52:23,555 [WARN] ConditionMgr:1039 - genDependencies : Invalid condition id : LAN8742 Phy interface Condition cause : null
2024-05-08 16:52:23,555 [WARN] ConditionMgr:1039 - genDependencies : Invalid condition id : LAN8742 Phy interface Condition cause : null
2024-05-08 16:52:23,555 [WARN] ConditionMgr:1039 - genDependencies : Invalid condition id : LAN8742 Phy interface Condition cause : null
2024-05-08 16:52:23,587 [WARN] PackLoader:240 - Cannot read IP mode file for STMicroelectronics.X-CUBE-SFXS2LP1.4.0.0
2024-05-08 16:52:23,602 [WARN] PackLoader:240 - Cannot read IP mode file for STMicroelectronics.X-CUBE-ISPU.1.1.0
2024-05-08 16:52:23,649 [WARN] ConditionMgr:438 - getConditionDescription Invalid condition id : UX DEVICE CLASS RTOS Condition cause : null
2024-05-08 16:52:23,649 [WARN] ConditionMgr:438 - getConditionDescription Invalid condition id : UX DEVICE CLASS RTOS Condition cause : null
2024-05-08 16:52:23,665 [WARN] PackLoader:240 - Cannot read IP mode file for STMicroelectronics.X-CUBE-AZRTOS-WB.2.0.0
2024-05-08 16:52:23,665 [WARN] ConditionMgr:1039 - genDependencies : Invalid condition id : UX DEVICE CLASS RTOS Condition cause : null
2024-05-08 16:52:23,665 [WARN] ConditionMgr:1039 - genDependencies : Invalid condition id : UX DEVICE CLASS RTOS Condition cause : null
2024-05-08 16:52:23,665 [WARN] ConditionMgr:1039 - genDependencies : Invalid condition id : UX DEVICE CLASS RTOS Condition cause : null
2024-05-08 16:52:23,665 [WARN] ConditionMgr:1039 - genDependencies : Invalid condition id : UX DEVICE CLASS RTOS Condition cause : null
2024-05-08 16:52:23,665 [WARN] ConditionMgr:1039 - genDependencies : Invalid condition id : UX DEVICE CLASS RTOS Condition cause : null
2024-05-08 16:52:23,712 [WARN] PackLoader:240 - Cannot read IP mode file for STMicroelectronics.X-CUBE-SUBG2.5.0.0
2024-05-08 16:52:23,759 [WARN] PackLoader:240 - Cannot read IP mode file for STMicroelectronics.X-CUBE-TOF1.3.3.1
2024-05-08 16:52:23,806 [WARN] PackLoader:240 - Cannot read IP mode file for STMicroelectronics.X-CUBE-AZRTOS-G4.2.0.0
2024-05-08 16:52:23,853 [WARN] PackLoader:240 - Cannot read IP mode file for Infineon.AIROC-Wi-Fi-Bluetooth-STM32.1.5.1
2024-05-08 16:52:23,884 [WARN] PackLoader:240 - Cannot read IP mode file for STMicroelectronics.FP-SNS-MOTENVWB1.1.3.0
2024-05-08 16:52:23,916 [WARN] PackLoader:240 - Cannot read IP mode file for STMicroelectronics.FP-SNS-MOTENVWB1.1.3.1
2024-05-08 16:52:24,025 [WARN] PackLoader:240 - Cannot read IP mode file for STMicroelectronics.X-CUBE-ISPU.2.0.0
2024-05-08 16:52:24,151 [WARN] PackLoader:240 - Cannot read IP mode file for STMicroelectronics.X-CUBE-MEMS1.10.0.0
2024-05-08 16:52:24,434 [WARN] PackLoader:240 - Cannot read IP mode file for STMicroelectronics.X-CUBE-FREERTOS.1.1.0
2024-05-08 16:52:24,465 [WARN] PackLoader:240 - Cannot read IP mode file for portGmbH.I-Cube-SoM-uGOAL.1.1.0
2024-05-08 16:52:24,543 [WARN] PackLoader:240 - Cannot read IP mode file for STMicroelectronics.X-CUBE-ALS.1.0.1
2024-05-08 16:52:24,669 [WARN] PackLoader:240 - Cannot read IP mode file for STMicroelectronics.X-CUBE-AZRTOS-H7RS.1.0.0
2024-05-08 16:52:24,732 [WARN] PackLoader:240 - Cannot read IP mode file for STMicroelectronics.FP-ATR-ASTRA1.2.0.0
2024-05-08 16:52:24,779 [WARN] PackLoader:240 - Cannot read IP mode file for STMicroelectronics.X-CUBE-TOF1.3.4.0
2024-05-08 16:52:24,832 [WARN] PackLoader:240 - Cannot read IP mode file for STMicroelectronics.X-CUBE-TOF1.3.4.1
2024-05-08 16:52:25,032 [WARN] PackLoader:240 - Cannot read IP mode file for STMicroelectronics.X-CUBE-AZRTOS-H7.3.2.0
2024-05-08 16:52:25,032 [INFO] ThirdParty:978 - Integrity check success = true
2024-05-08 16:52:25,032 [INFO] IntegrityCheckThread:100 - exiting critical section [integrity check]
2024-05-08 16:52:25,032 [INFO] IntegrityCheckThread:103 - End integrity checks thread
2024-05-08 16:52:27,049 [INFO] WebApp:157 - Instantiating new browser for Auth
2024-05-08 16:52:28,166 [ERROR] LogOutputStream:75 - [STDERR_REDIRECT] 
